Component: ARM Compiler 6.16 Tool: armlink [5dfeaa00]

==============================================================================

Section Cross References

    startup_stm32f411xe.o(STACK) refers (Special) to heapauxi.o(.text) for __use_two_region_memory
    startup_stm32f411xe.o(HEAP) refers (Special) to heapauxi.o(.text) for __use_two_region_memory
    startup_stm32f411xe.o(RESET) refers (Special) to heapauxi.o(.text) for __use_two_region_memory
    startup_stm32f411xe.o(RESET) refers to startup_stm32f411xe.o(STACK) for __initial_sp
    startup_stm32f411xe.o(RESET) refers to startup_stm32f411xe.o(.text) for Reset_Handler
    startup_stm32f411xe.o(RESET) refers to stm32f4xx_it.o(.text.NMI_Handler) for NMI_Handler
    startup_stm32f411xe.o(RESET) refers to stm32f4xx_it.o(.text.HardFault_Handler) for HardFault_Handler
    startup_stm32f411xe.o(RESET) refers to stm32f4xx_it.o(.text.MemManage_Handler) for MemManage_Handler
    startup_stm32f411xe.o(RESET) refers to stm32f4xx_it.o(.text.BusFault_Handler) for BusFault_Handler
    startup_stm32f411xe.o(RESET) refers to stm32f4xx_it.o(.text.UsageFault_Handler) for UsageFault_Handler
    startup_stm32f411xe.o(RESET) refers to stm32f4xx_it.o(.text.SVC_Handler) for SVC_Handler
    startup_stm32f411xe.o(RESET) refers to stm32f4xx_it.o(.text.DebugMon_Handler) for DebugMon_Handler
    startup_stm32f411xe.o(RESET) refers to stm32f4xx_it.o(.text.PendSV_Handler) for PendSV_Handler
    startup_stm32f411xe.o(RESET) refers to stm32f4xx_it.o(.text.SysTick_Handler) for SysTick_Handler
    startup_stm32f411xe.o(RESET) refers to stm32f4xx_it.o(.text.EXTI2_IRQHandler) for EXTI2_IRQHandler
    startup_stm32f411xe.o(RESET) refers to stm32f4xx_it.o(.text.EXTI3_IRQHandler) for EXTI3_IRQHandler
    startup_stm32f411xe.o(RESET) refers to stm32f4xx_it.o(.text.DMA1_Stream5_IRQHandler) for DMA1_Stream5_IRQHandler
    startup_stm32f411xe.o(RESET) refers to stm32f4xx_it.o(.text.ADC_IRQHandler) for ADC_IRQHandler
    startup_stm32f411xe.o(RESET) refers to stm32f4xx_it.o(.text.EXTI9_5_IRQHandler) for EXTI9_5_IRQHandler
    startup_stm32f411xe.o(RESET) refers to stm32f4xx_it.o(.text.TIM1_UP_TIM10_IRQHandler) for TIM1_UP_TIM10_IRQHandler
    startup_stm32f411xe.o(RESET) refers to stm32f4xx_it.o(.text.TIM1_TRG_COM_TIM11_IRQHandler) for TIM1_TRG_COM_TIM11_IRQHandler
    startup_stm32f411xe.o(RESET) refers to stm32f4xx_it.o(.text.USART1_IRQHandler) for USART1_IRQHandler
    startup_stm32f411xe.o(RESET) refers to stm32f4xx_it.o(.text.USART2_IRQHandler) for USART2_IRQHandler
    startup_stm32f411xe.o(RESET) refers to stm32f4xx_it.o(.text.DMA2_Stream0_IRQHandler) for DMA2_Stream0_IRQHandler
    startup_stm32f411xe.o(RESET) refers to stm32f4xx_it.o(.text.DMA2_Stream2_IRQHandler) for DMA2_Stream2_IRQHandler
    startup_stm32f411xe.o(RESET) refers to stm32f4xx_it.o(.text.OTG_FS_IRQHandler) for OTG_FS_IRQHandler
    startup_stm32f411xe.o(.text) refers (Special) to heapauxi.o(.text) for __use_two_region_memory
    startup_stm32f411xe.o(.text) refers to system_stm32f4xx.o(.text.SystemInit) for SystemInit
    startup_stm32f411xe.o(.text) refers to __main.o(!!!main) for __main
    startup_stm32f411xe.o(.text) refers to startup_stm32f411xe.o(HEAP) for Heap_Mem
    startup_stm32f411xe.o(.text) refers to startup_stm32f411xe.o(STACK) for Stack_Mem
    main.o(.text.main) refers to stm32f4xx_hal.o(.text.HAL_Init) for HAL_Init
    main.o(.text.main) refers to main.o(.text.SystemClock_Config) for SystemClock_Config
    main.o(.text.main) refers to stm32f4xx_hal_gpio.o(.text.HAL_GPIO_WritePin) for HAL_GPIO_WritePin
    main.o(.text.main) refers to stm32f4xx_hal_gpio.o(.text.HAL_GPIO_Init) for HAL_GPIO_Init
    main.o(.text.main) refers to stm32f4xx_hal_cortex.o(.text.HAL_NVIC_SetPriority) for HAL_NVIC_SetPriority
    main.o(.text.main) refers to stm32f4xx_hal_cortex.o(.text.HAL_NVIC_EnableIRQ) for HAL_NVIC_EnableIRQ
    main.o(.text.main) refers to main.o(.bss.hsd) for hsd
    main.o(.text.main) refers to usb_device.o(.text.MX_USB_DEVICE_Init) for MX_USB_DEVICE_Init
    main.o(.text.main) refers to main.o(.bss.hadc1) for hadc1
    main.o(.text.main) refers to stm32f4xx_hal_adc.o(.text.HAL_ADC_Init) for HAL_ADC_Init
    main.o(.text.main) refers to stm32f4xx_hal_adc.o(.text.HAL_ADC_ConfigChannel) for HAL_ADC_ConfigChannel
    main.o(.text.main) refers to main.o(.bss.htim3) for htim3
    main.o(.text.main) refers to stm32f4xx_hal_tim.o(.text.HAL_TIM_Base_Init) for HAL_TIM_Base_Init
    main.o(.text.main) refers to stm32f4xx_hal_tim.o(.text.HAL_TIM_ConfigClockSource) for HAL_TIM_ConfigClockSource
    main.o(.text.main) refers to stm32f4xx_hal_tim_ex.o(.text.HAL_TIMEx_MasterConfigSynchronization) for HAL_TIMEx_MasterConfigSynchronization
    main.o(.text.main) refers to main.o(.bss..L_MergedGlobals) for .L_MergedGlobals
    main.o(.text.main) refers to stm32f4xx_hal_uart.o(.text.HAL_UART_Init) for HAL_UART_Init
    main.o(.text.main) refers to fatfs.o(.text.MX_FATFS_Init) for MX_FATFS_Init
[...]
    __aeabi_cdrcmple                         0x0800fa89   Thumb Code     0  drleqf.o(x$fpl$drleqf)
    _drcmple                                 0x0800fa89   Thumb Code   108  drleqf.o(x$fpl$drleqf)
    __aeabi_drsub                            0x0800faf5   Thumb Code     0  daddsub_clz.o(x$fpl$drsb)
    _drsb                                    0x0800faf5   Thumb Code    22  daddsub_clz.o(x$fpl$drsb)
    __aeabi_dsub                             0x0800fb0d   Thumb Code     0  daddsub_clz.o(x$fpl$dsub)
    _dsub                                    0x0800fb0d   Thumb Code   472  daddsub_clz.o(x$fpl$dsub)
    __aeabi_f2d                              0x0800fce9   Thumb Code     0  f2d.o(x$fpl$f2d)
    _f2d                                     0x0800fce9   Thumb Code    86  f2d.o(x$fpl$f2d)
    __fpl_fnaninf                            0x0800fd3f   Thumb Code   140  fnaninf.o(x$fpl$fnaninf)
    _fp_init                                 0x0800fdcb   Thumb Code    26  fpinit.o(x$fpl$fpinit)
    __fplib_config_fpu_vfp                   0x0800fde3   Thumb Code     0  fpinit.o(x$fpl$fpinit)
    __fplib_config_pureend_doubles           0x0800fde3   Thumb Code     0  fpinit.o(x$fpl$fpinit)
    __fpl_fretinf                            0x0800fde5   Thumb Code    10  fretinf.o(x$fpl$fretinf)
    __ieee_status                            0x0800fdef   Thumb Code     6  istatus.o(x$fpl$ieeestatus)
    _printf_fp_dec                           0x0800fdf5   Thumb Code     4  printf1.o(x$fpl$printf1)
    __fpl_return_NaN                         0x0800fdf9   Thumb Code   100  retnan.o(x$fpl$retnan)
    __ARM_scalbn                             0x0800fe5d   Thumb Code    92  scalbn.o(x$fpl$scalbn)
    _scanf_real                              0x0800feb9   Thumb Code     4  scanf1.o(x$fpl$scanf1)
    _scanf_hex_real                          0x0800febd   Thumb Code     4  scanf2.o(x$fpl$scanf2)
    _scanf_infnan                            0x0800fec1   Thumb Code     4  scanf2.o(x$fpl$scanf2)
    __fpl_cmpreturn                          0x0800fec5   Thumb Code    48  trapv.o(x$fpl$trapveneer)
    __I$use$fp                               0x0800fef4   Number         0  usenofp.o(x$fpl$usenofp)
    AHBPrescTable                            0x0800ff9c   Data          16  system_stm32f4xx.o(.rodata.AHBPrescTable)
    APBPrescTable                            0x0800ffac   Data           8  system_stm32f4xx.o(.rodata.APBPrescTable)
    SD_Driver                                0x080107a0   Data          20  sd_diskio.o(.rodata.SD_Driver)
    STORAGE_Inquirydata_FS                   0x080107b4   Data          36  usbd_storage_if.o(.rodata.STORAGE_Inquirydata_FS)
    Region$$Table$$Base                      0x080108c0   Number         0  anon$$obj.o(Region$$Table)
    Region$$Table$$Limit                     0x080108e0   Number         0  anon$$obj.o(Region$$Table)
    __aeabi_HUGE_VAL                         0x080108e0   Data           0  fpconst.o(c$$dinf)
    __aeabi_HUGE_VALL                        0x080108e0   Data           0  fpconst.o(c$$dinf)
    __aeabi_INFINITY                         0x080108e0   Data           0  fpconst.o(c$$dinf)
    __dInf                                   0x080108e0   Data           0  fpconst.o(c$$dinf)
    __huge_val                               0x080108e0   Data           0  fpconst.o(c$$dinf)
    __dbl_max                                0x080108e8   Data           0  fpconst.o(c$$dmax)
    __ctype                                  0x08010919   Data           0  lc_ctype_c.o(locale$$data)
    uwTickFreq                               0x20000000   Data           1  stm32f4xx_hal.o(.data..L_MergedGlobals)
    uwTickPrio                               0x20000004   Data           4  stm32f4xx_hal.o(.data..L_MergedGlobals)
    MSCInEpAdd                               0x20000008   Data           1  usbd_msc.o(.data..L_MergedGlobals)
    MSCOutEpAdd                              0x20000009   Data           1  usbd_msc.o(.data..L_MergedGlobals)
    Counter                                  0x2000000c   Data           1  new_display.o(.data..L_MergedGlobals)
    Measurement_transition_table             0x20000010   Data          16  new_display.o(.data..L_MergedGlobals)
    FS_Desc                                  0x20000020   Data          28  usbd_desc.o(.data.FS_Desc)
    FileCatalog                              0x2000003c   Data          12  magnetic.o(.data.FileCatalog)
    Font_7x10                                0x20000048   Data           8  fonts.o(.data.Font_7x10)
    MSC_Mode_Sense10_data                    0x20000050   Data          27  usbd_msc_data.o(.data.MSC_Mode_Sense10_data)
    MSC_Mode_Sense6_data                     0x2000006b   Data          23  usbd_msc_data.o(.data.MSC_Mode_Sense6_data)
    MSC_Page00_Inquiry_Data                  0x20000082   Data           6  usbd_msc_data.o(.data.MSC_Page00_Inquiry_Data)
    MSC_Page80_Inquiry_Data                  0x20000088   Data           8  usbd_msc_data.o(.data.MSC_Page80_Inquiry_Data)
    SystemCoreClock                          0x20000094   Data           4  system_stm32f4xx.o(.data.SystemCoreClock)
    USBD_FS_DeviceDesc                       0x20000098   Data          18  usbd_desc.o(.data.USBD_FS_DeviceDesc)
    USBD_LangIDDesc                          0x200000ac   Data           4  usbd_desc.o(.data.USBD_LangIDDesc)
    USBD_MSC                                 0x200000b0   Data          56  usbd_msc.o(.data.USBD_MSC)
    USBD_Storage_Interface_fops_FS           0x20000114   Data          32  usbd_storage_if.o(.data.USBD_Storage_Interface_fops_FS)
    USBD_StringSerial                        0x20000134   Data          26  usbd_desc.o(.data.USBD_StringSerial)
    UTC_Hour_Fix                             0x2000014e   Data           1  gps.o(.data.UTC_Hour_Fix)
    flag_adc                                 0x2000014f   Data           1  new_display.o(.data.flag_adc)
    flag_start                               0x20000150   Data           1  new_display.o(.data.flag_start)
    take_MeasurementDataPackage              0x20000154   Data           8  new_display.o(.data.take_MeasurementDataPackage)
    take_MeasurementGPSProcess               0x2000015c   Data           8  new_display.o(.data.take_MeasurementGPSProcess)
    take_MeasurementStart                    0x20000164   Data           8  new_display.o(.data.take_MeasurementStart)
    take_MeasurementStop                     0x2000016c   Data           8  new_display.o(.data.take_MeasurementStop)
    __libspace_start                         0x20000178   Data          96  libspace.o(.bss)
    __temporary_stack_top$libspace           0x200001d8   Data           0  libspace.o(.bss)
    gpio_pin                                 0x200001d8   Data           4  main.o(.bss..L_MergedGlobals)
    hcrc                                     0x200001dc   Data           8  main.o(.bss..L_MergedGlobals)
    huart2                                   0x200001e4   Data          68  main.o(.bss..L_MergedGlobals)
    retSD                                    0x20000228   Data           1  fatfs.o(.bss..L_MergedGlobals)
    SDPath                                   0x20000229   Data           4  fatfs.o(.bss..L_MergedGlobals)
    Enter                                    0x2000025c   Data           1  new_display.o(.bss..L_MergedGlobals.54)
    flag_exit                                0x2000025d   Data           1  new_display.o(.bss..L_MergedGlobals.54)
    Counter2                                 0x2000025e   Data           1  new_display.o(.bss..L_MergedGlobals.54)
    mcp41010                                 0x20000260   Data          16  new_display.o(.bss..L_MergedGlobals.54)
    GPS                                      0x20000270   Data         592  gps.o(.bss.GPS)
    LastTime                                 0x200004c0   Data           4  main.o(.bss.LastTime)
    USBD_StrDesc                             0x200004c8   Data         512  usbd_desc.o(.bss.USBD_StrDesc)
    adc                                      0x20000940   Data           6  main.o(.bss.adc)
    buffer                                   0x20000946   Data         128  magnetic.o(.bss.buffer)
    bw                                       0x200009c8   Data           4  main.o(.bss.bw)
    cardInfo                                 0x200009cc   Data          32  usbd_storage_if.o(.bss.cardInfo)
    disk                                     0x200009ec   Data          12  ff_gen_drv.o(.bss.disk)
    fil                                      0x200009f8   Data        4144  main.o(.bss.fil)
    fresult                                  0x20001a28   Data           1  main.o(.bss.fresult)
    fs                                       0x20001a2c   Data        4148  main.o(.bss.fs)
    hUsbDeviceFS                             0x20002a60   Data         732  usb_device.o(.bss.hUsbDeviceFS)
    hadc1                                    0x20002d3c   Data          72  main.o(.bss.hadc1)
    hdma_adc1                                0x20002d84   Data          96  main.o(.bss.hdma_adc1)
    hdma_spi1_tx                             0x20002de4   Data          96  main.o(.bss.hdma_spi1_tx)
    hdma_usart2_rx                           0x20002e44   Data          96  main.o(.bss.hdma_usart2_rx)
    hpcd_USB_OTG_FS                          0x20002ea4   Data        1292  usbd_conf.o(.bss.hpcd_USB_OTG_FS)
    hsd                                      0x200033b0   Data         132  main.o(.bss.hsd)
    hspi1                                    0x20003434   Data          88  main.o(.bss.hspi1)
    htim10                                   0x2000348c   Data          72  main.o(.bss.htim10)
    htim11                                   0x200034d4   Data          72  main.o(.bss.htim11)
    htim3                                    0x2000351c   Data          72  main.o(.bss.htim3)
    huart1                                   0x20003564   Data          68  main.o(.bss.huart1)
    uwTick                                   0x200035a8   Data           4  stm32f4xx_hal.o(.bss.uwTick)



==============================================================================

Memory Map of the image

  Image Entry point : 0x08000199

  Load Region LR_IROM1 (Base: 0x08000000, Size: 0x00010b98, Max: 0x00080000, ABSOLUTE, COMPRESSED[0x00010b20])

    Execution Region ER_IROM1 (Exec base: 0x08000000, Load base: 0x08000000, Size: 0x00010a1c, Max: 0x00080000, ABSOLUTE)

    Exec Addr    Load Addr    Size         Type   Attr      Idx    E Section Name        Object

    0x08000000   0x08000000   0x00000198   Data   RO            3    RESET               startup_stm32f411xe.o
    0x08000198   0x08000198   0x00000008   Code   RO         2505  * !!!main             c_w.l(__main.o)
    0x080001a0   0x080001a0   0x00000034   Code   RO         3010    !!!scatter          c_w.l(__scatter.o)
    0x080001d4   0x080001d4   0x0000003a   Code   RO         3008    !!dczerorl          c_w.l(__dczerorl.o)
    0x0800020e   0x0800020e   0x00000002   PAD
    0x08000210   0x08000210   0x0000001c   Code   RO         3012    !!handler_zi        c_w.l(__scatter_zi.o)
    0x0800022c   0x0800022c   0x00000000   Code   RO         2486    .ARM.Collect$$_printf_percent$$00000000  c_w.l(_printf_percent.o)
    0x0800022c   0x0800022c   0x00000006   Code   RO         2485    .ARM.Collect$$_printf_percent$$00000003  c_w.l(_printf_f.o)
    0x08000232   0x08000232   0x00000006   Code   RO         2483    .ARM.Collect$$_printf_percent$$00000009  c_w.l(_printf_d.o)
    0x08000238   0x08000238   0x00000006   Code   RO         2481    .ARM.Collect$$_printf_percent$$00000013  c_w.l(_printf_c.o)
    0x0800023e   0x0800023e   0x00000006   Code   RO         2482    .ARM.Collect$$_printf_percent$$00000014  c_w.l(_printf_s.o)
    0x08000244   0x08000244   0x00000004   Code   RO         2595    .ARM.Collect$$_printf_percent$$00000017  c_w.l(_printf_percent_end.o)
    0x08000248   0x08000248   0x00000002   Code   RO         2876    .ARM.Collect$$libinit$$00000000  c_w.l(libinit.o)
    0x0800024a   0x0800024a   0x00000004   Code   RO         2616    .ARM.Collect$$libinit$$00000001  c_w.l(libinit2.o)
    0x0800024e   0x0800024e   0x00000000   Code   RO         2619    .ARM.Collect$$libinit$$00000004  c_w.l(libinit2.o)
    0x0800024e   0x0800024e   0x00000000   Code   RO         2622    .ARM.Collect$$libinit$$0000000A  c_w.l(libinit2.o)
    0x0800024e   0x0800024e   0x00000000   Code   RO         2624    .ARM.Collect$$libinit$$0000000C  c_w.l(libinit2.o)
    0x0800024e   0x0800024e   0x00000000   Code   RO         2626    .ARM.Collect$$libinit$$0000000E  c_w.l(libinit2.o)
    0x0800024e   0x0800024e   0x00000006   Code   RO         2627    .ARM.Collect$$libinit$$0000000F  c_w.l(libinit2.o)
    0x08000254   0x08000254   0x00000000   Code   RO         2629    .ARM.Collect$$libinit$$00000011  c_w.l(libinit2.o)
    0x08000254   0x08000254   0x0000000c   Code   RO         2630    .ARM.Collect$$libinit$$00000012  c_w.l(libinit2.o)
    0x08000260   0x08000260   0x00000000   Code   RO         2631    .ARM.Collect$$libinit$$00000013  c_w.l(libinit2.o)
    0x08000260   0x08000260   0x00000000   Code   RO         2633    .ARM.Collect$$libinit$$00000015  c_w.l(libinit2.o)
    0x08000260   0x08000260   0x0000000a   Code   RO         2634    .ARM.Collect$$libinit$$00000016  c_w.l(libinit2.o)
    0x0800026a   0x0800026a   0x00000000   Code   RO         2635    .ARM.Collect$$libinit$$00000017  c_w.l(libinit2.o)
    0x0800026a   0x0800026a   0x00000000   Code   RO         2637    .ARM.Collect$$libinit$$00000019  c_w.l(libinit2.o)
    0x0800026a   0x0800026a   0x00000000   Code   RO         2639    .ARM.Collect$$libinit$$0000001B  c_w.l(libinit2.o)
    0x0800026a   0x0800026a   0x00000000   Code   RO         2641    .ARM.Collect$$libinit$$0000001D  c_w.l(libinit2.o)
    0x0800026a   0x0800026a   0x00000000   Code   RO         2643    .ARM.Collect$$libinit$$0000001F  c_w.l(libinit2.o)
    0x0800026a   0x0800026a   0x00000000   Code   RO         2645    .ARM.Collect$$libinit$$00000021  c_w.l(libinit2.o)
    0x0800026a   0x0800026a   0x00000000   Code   RO         2647    .ARM.Collect$$libinit$$00000023  c_w.l(libinit2.o)
    0x0800026a   0x0800026a   0x00000000   Code   RO         2649    .ARM.Collect$$libinit$$00000025  c_w.l(libinit2.o)
    0x0800026a   0x0800026a   0x00000000   Code   RO         2653    .ARM.Collect$$libinit$$0000002C  c_w.l(libinit2.o)
    0x0800026a   0x0800026a   0x00000000   Code   RO         2655    .ARM.Collect$$libinit$$0000002E  c_w.l(libinit2.o)
    0x0800026a   0x0800026a   0x00000000   Code   RO         2657    .ARM.Collect$$libinit$$00000030  c_w.l(libinit2.o)
    0x0800026a   0x0800026a   0x00000000   Code   RO         2659    .ARM.Collect$$libinit$$00000032  c_w.l(libinit2.o)
    0x0800026a   0x0800026a   0x00000002   Code   RO         2660    .ARM.Collect$$libinit$$00000033  c_w.l(libinit2.o)
    0x0800026c   0x0800026c   0x00000002   Code   RO         2999    .ARM.Collect$$libshutdown$$00000000  c_w.l(libshutdown.o)
    0x0800026e   0x0800026e   0x00000000   Code   RO         2878    .ARM.Collect$$libshutdown$$00000002  c_w.l(libshutdown2.o)
    0x0800026e   0x0800026e   0x00000000   Code   RO         2880    .ARM.Collect$$libshutdown$$00000004  c_w.l(libshutdown2.o)
    0x0800026e   0x0800026e   0x00000000   Code   RO         2883    .ARM.Collect$$libshutdown$$00000007  c_w.l(libshutdown2.o)
    0x0800026e   0x0800026e   0x00000000   Code   RO         2886    .ARM.Collect$$libshutdown$$0000000A  c_w.l(libshutdown2.o)
    0x0800026e   0x0800026e   0x00000000   Code   RO         2888    .ARM.Collect$$libshutdown$$0000000C  c_w.l(libshutdown2.o)
    0x0800026e   0x0800026e   0x00000000   Code   RO         2891    .ARM.Collect$$libshutdown$$0000000F  c_w.l(libshutdown2.o)
    0x0800026e   0x0800026e   0x00000002   Code   RO         2892    .ARM.Collect$$libshutdown$$00000010  c_w.l(libshutdown2.o)
    0x08000270   0x08000270   0x00000000   Code   RO         2543    .ARM.Collect$$rtentry$$00000000  c_w.l(__rtentry.o)
    0x08000270   0x08000270   0x00000000   Code   RO         2692    .ARM.Collect$$rtentry$$00000002  c_w.l(__rtentry2.o)
    0x08000270   0x08000270   0x00000006   Code   RO         2704    .ARM.Collect$$rtentry$$00000004  c_w.l(__rtentry4.o)
    0x08000276   0x08000276   0x00000000   Code   RO         2694    .ARM.Collect$$rtentry$$00000009  c_w.l(__rtentry2.o)
    0x08000276   0x08000276   0x00000004   Code   RO         2695    .ARM.Collect$$rtentry$$0000000A  c_w.l(__rtentry2.o)
    0x0800027a   0x0800027a   0x00000000   Code   RO         2697    .ARM.Collect$$rtentry$$0000000C  c_w.l(__rtentry2.o)
    0x0800027a   0x0800027a   0x00000008   Code   RO         2698    .ARM.Collect$$rtentry$$0000000D  c_w.l(__rtentry2.o)
    0x08000282   0x08000282   0x00000002   Code   RO         2915    .ARM.Collect$$rtexit$$00000000  c_w.l(rtexit.o)
    0x08000284   0x08000284   0x00000000   Code   RO         2965    .ARM.Collect$$rtexit$$00000002  c_w.l(rtexit2.o)
    0x08000284   0x08000284   0x00000004   Code   RO         2966    .ARM.Collect$$rtexit$$00000003  c_w.l(rtexit2.o)
    0x08000288   0x08000288   0x00000006   Code   RO         2967    .ARM.Collect$$rtexit$$00000004  c_w.l(rtexit2.o)
    0x0800028e   0x0800028e   0x00000002   PAD
    0x08000290   0x08000290   0x00000040   Code   RO            4    .text               startup_stm32f411xe.o
    0x080002d0   0x080002d0   0x000000f0   Code   RO         2437    .text               c_w.l(lludivv7m.o)
    0x080003c0   0x080003c0   0x00000028   Code   RO         2447    .text               c_w.l(noretval__2sprintf.o)
    0x080003e8   0x080003e8   0x0000004e   Code   RO         2453    .text               c_w.l(_printf_pad.o)
    0x08000436   0x08000436   0x00000024   Code   RO         2455    .text               c_w.l(_printf_truncate.o)
    0x0800045a   0x0800045a   0x00000052   Code   RO         2457    .text               c_w.l(_printf_str.o)
    0x080004ac   0x080004ac   0x00000078   Code   RO         2459    .text               c_w.l(_printf_dec.o)
    0x08000524   0x08000524   0x00000188   Code   RO         2478    .text               c_w.l(__printf_flags_ss_wp.o)
    0x080006ac   0x080006ac   0x0000003c   Code   RO         2487    .text               c_w.l(__0sscanf.o)
    0x080006e8   0x080006e8   0x0000014c   Code   RO         2489    .text               c_w.l(_scanf_int.o)
    0x08000834   0x08000834   0x000000e0   Code   RO         2491    .text               c_w.l(_scanf_str.o)
    0x08000914   0x08000914   0x00000024   Code   RO         2493    .text               c_w.l(strstr.o)
    0x08000938   0x08000938   0x0000003e   Code   RO         2495    .text               c_w.l(strlen.o)
    0x08000976   0x08000976   0x00000044   Code   RO         2499    .text               c_w.l(rt_memclr.o)
    0x080009ba   0x080009ba   0x0000004e   Code   RO         2501    .text               c_w.l(rt_memclr_w.o)
    0x08000a08   0x08000a08   0x00000006   Code   RO         2503    .text               c_w.l(heapauxi.o)
    0x08000a0e   0x08000a0e   0x00000016   Code   RO         2577    .text               c_w.l(_rserrno.o)
    0x08000a24   0x08000a24   0x000000b2   Code   RO         2579    .text               c_w.l(_printf_intcommon.o)
    0x08000ad6   0x08000ad6   0x0000041c   Code   RO         2581    .text               c_w.l(_printf_fp_dec.o)
    0x08000ef2   0x08000ef2   0x00000002   PAD
    0x08000ef4   0x08000ef4   0x00000030   Code   RO         2585    .text               c_w.l(_printf_char_common.o)
    0x08000f24   0x08000f24   0x0000000a   Code   RO         2587    .text               c_w.l(_sputc.o)
    0x08000f2e   0x08000f2e   0x0000002c   Code   RO         2591    .text               c_w.l(_printf_char.o)
    0x08000f5a   0x08000f5a   0x0000001c   Code   RO         2596    .text               c_w.l(_chval.o)
    0x08000f76   0x08000f76   0x00000002   PAD
    0x08000f78   0x08000f78   0x000004f8   Code   RO         2598    .text               c_w.l(scanf_fp.o)
    0x08001470   0x08001470   0x0000002c   Code   RO         2602    .text               c_w.l(scanf_char.o)
    0x0800149c   0x0800149c   0x00000040   Code   RO         2604    .text               c_w.l(_sgetc.o)
    0x080014dc   0x080014dc   0x00000008   Code   RO         2688    .text               c_w.l(libspace.o)
    0x080014e4   0x080014e4   0x00000008   Code   RO         2711    .text               c_w.l(rt_locale_intlibspace.o)
    0x080014ec   0x080014ec   0x00000008   Code   RO         2716    .text               c_w.l(rt_errno_addr_intlibspace.o)
    0x080014f4   0x080014f4   0x00000026   Code   RO         2726    .text               c_w.l(llshl.o)
    0x0800151a   0x0800151a   0x0000008a   Code   RO         2728    .text               c_w.l(lludiv10.o)
    0x080015a4   0x080015a4   0x00000012   Code   RO         2730    .text               c_w.l(isspace.o)
    0x080015b6   0x080015b6   0x00000002   PAD
    0x080015b8   0x080015b8   0x00000080   Code   RO         2732    .text               c_w.l(_printf_fp_infnan.o)
    0x08001638   0x08001638   0x00000374   Code   RO         2736    .text               c_w.l(_scanf.o)
    0x080019ac   0x080019ac   0x000000e4   Code   RO         2738    .text               c_w.l(bigflt0.o)
    0x08001a90   0x08001a90   0x00000002   Code   RO         2821    .text               c_w.l(use_no_semi.o)
    0x08001a92   0x08001a92   0x00000000   Code   RO         2823    .text               c_w.l(indicate_semi.o)
    0x08001a92   0x08001a92   0x0000004a   Code   RO         2824    .text               c_w.l(sys_stackheap_outer.o)
    0x08001adc   0x08001adc   0x00000010   Code   RO         2826    .text               c_w.l(rt_ctype_table.o)
    0x08001aec   0x08001aec   0x00000320   Code   RO         2832    .text               c_w.l(scanf_hexfp.o)
    0x08001e0c   0x08001e0c   0x00000134   Code   RO         2834    .text               c_w.l(scanf_infnan.o)
    0x08001f40   0x08001f40   0x00000012   Code   RO         2851    .text               c_w.l(exit.o)
    0x08001f52   0x08001f52   0x00000006   PAD
    0x08001f58   0x08001f58   0x0000007c   Code   RO         2865    .text               c_w.l(strcmpv7em.o)
    0x08001fd4   0x08001fd4   0x0000000c   Code   RO         2909    .text               c_w.l(sys_exit.o)
    0x08001fe0   0x08001fe0   0x0000006e   Code   RO          781    .text.ADC_DMAConvCplt  stm32f4xx_hal_adc.o
    0x0800204e   0x0800204e   0x00000002   PAD
    0x08002050   0x08002050   0x00000012   Code   RO          785    .text.ADC_DMAError  stm32f4xx_hal_adc.o
    0x08002062   0x08002062   0x00000002   PAD
    0x08002064   0x08002064   0x00000006   Code   RO          783    .text.ADC_DMAHalfConvCplt  stm32f4xx_hal_adc.o
    0x0800206a   0x0800206a   0x00000002   PAD
    0x0800206c   0x0800206c   0x0000000c   Code   RO           83    .text.ADC_IRQHandler  stm32f4xx_it.o
    0x08002078   0x08002078   0x0000000e   Code   RO         1941    .text.BSP_SD_GetCardInfo  bsp_driver_sd.o
    0x08002086   0x08002086   0x00000002   PAD
    0x08002088   0x08002088   0x00000016   Code   RO         1939    .text.BSP_SD_GetCardState  bsp_driver_sd.o
    0x0800209e   0x0800209e   0x00000002   PAD
    0x080020a0   0x080020a0   0x0000001e   Code   RO         1921    .text.BSP_SD_Init   bsp_driver_sd.o
    0x080020be   0x080020be   0x00000002   PAD
    0x080020c0   0x080020c0   0x00000010   Code   RO         1923    .text.BSP_SD_IsDetected  bsp_driver_sd.o
    0x080020d0   0x080020d0   0x00000026   Code   RO         1929    .text.BSP_SD_ReadBlocks  bsp_driver_sd.o
    0x080020f6   0x080020f6   0x00000002   PAD
    0x080020f8   0x080020f8   0x00000026   Code   RO         1931    .text.BSP_SD_WriteBlocks  bsp_driver_sd.o
    0x0800211e   0x0800211e   0x00000002   PAD
    0x08002120   0x08002120   0x00000002   Code   RO           65    .text.BusFault_Handler  stm32f4xx_it.o
    0x08002122   0x08002122   0x00000002   PAD
    0x08002124   0x08002124   0x000000bc   Code   RO         2352    .text.Card_Write    magnetic.o
    0x080021e0   0x080021e0   0x0000000c   Code   RO           81    .text.DMA1_Stream5_IRQHandler  stm32f4xx_it.o
    0x080021ec   0x080021ec   0x0000000c   Code   RO           95    .text.DMA2_Stream0_IRQHandler  stm32f4xx_it.o
    0x080021f8   0x080021f8   0x0000000c   Code   RO           97    .text.DMA2_Stream2_IRQHandler  stm32f4xx_it.o
    0x08002204   0x08002204   0x000000bc   Code   RO         2364    .text.Data_Package  magnetic.o
    0x080022c0   0x080022c0   0x00000002   Code   RO           71    .text.DebugMon_Handler  stm32f4xx_it.o
    0x080022c2   0x080022c2   0x00000002   PAD
    0x080022c4   0x080022c4   0x00000006   Code   RO           77    .text.EXTI2_IRQHandler  stm32f4xx_it.o
    0x080022ca   0x080022ca   0x00000002   PAD
    0x080022cc   0x080022cc   0x00000006   Code   RO           79    .text.EXTI3_IRQHandler  stm32f4xx_it.o
    0x080022d2   0x080022d2   0x00000002   PAD
    0x080022d4   0x080022d4   0x00000012   Code   RO           85    .text.EXTI9_5_IRQHandler  stm32f4xx_it.o
    0x080022e6   0x080022e6   0x00000002   PAD
    0x080022e8   0x080022e8   0x0000000a   Code   RO           15    .text.Error_Handler  main.o
    0x080022f2   0x080022f2   0x00000002   PAD
    0x080022f4   0x080022f4   0x0000004c   Code   RO         2088    .text.FATFS_LinkDriver  ff_gen_drv.o
    0x08002340   0x08002340   0x00000042   Code   RO         2195    .text.GPS_CallBack  gps.o
    0x08002382   0x08002382   0x00000006   PAD
    0x08002388   0x08002388   0x0000020c   Code   RO         2197    .text.GPS_Process   gps.o
    0x08002594   0x08002594   0x00000022   Code   RO         2189    .text.GetData       gps.o
    0x080025b6   0x080025b6   0x00000002   PAD
    0x080025b8   0x080025b8   0x00000002   Code   RO          833    .text.HAL_ADCEx_InjectedConvCpltCallback  stm32f4xx_hal_adc_ex.o
    0x080025ba   0x080025ba   0x00000002   PAD
    0x080025bc   0x080025bc   0x0000015a   Code   RO          793    .text.HAL_ADC_ConfigChannel  stm32f4xx_hal_adc.o
    0x08002716   0x08002716   0x00000002   PAD
    0x08002718   0x08002718   0x00000014   Code   RO           17    .text.HAL_ADC_ConvCpltCallback  main.o
    0x0800272c   0x0800272c   0x00000002   Code   RO          791    .text.HAL_ADC_ConvHalfCpltCallback  stm32f4xx_hal_adc.o
    0x0800272e   0x0800272e   0x00000002   PAD
    0x08002730   0x08002730   0x00000002   Code   RO          777    .text.HAL_ADC_ErrorCallback  stm32f4xx_hal_adc.o
    0x08002732   0x08002732   0x00000002   PAD
    0x08002734   0x08002734   0x00000136   Code   RO          771    .text.HAL_ADC_IRQHandler  stm32f4xx_hal_adc.o
    0x0800286a   0x0800286a   0x00000002   PAD
    0x0800286c   0x0800286c   0x0000015e   Code   RO          751    .text.HAL_ADC_Init  stm32f4xx_hal_adc.o
    0x080029ca   0x080029ca   0x00000002   PAD
    0x080029cc   0x080029cc   0x00000002   Code   RO          775    .text.HAL_ADC_LevelOutOfWindowCallback  stm32f4xx_hal_adc.o
    0x080029ce   0x080029ce   0x00000002   PAD
    0x080029d0   0x080029d0   0x000000be   Code   RO          110    .text.HAL_ADC_MspInit  stm32f4xx_hal_msp.o
    0x08002a8e   0x08002a8e   0x00000002   PAD
    0x08002a90   0x08002a90   0x00000162   Code   RO          779    .text.HAL_ADC_Start_DMA  stm32f4xx_hal_adc.o
    0x08002bf2   0x08002bf2   0x00000002   PAD
    0x08002bf4   0x08002bf4   0x0000006e   Code   RO          787    .text.HAL_ADC_Stop_DMA  stm32f4xx_hal_adc.o
    0x08002c62   0x08002c62   0x00000002   PAD
    0x08002c64   0x08002c64   0x0000002a   Code   RO          848    .text.HAL_CRC_Init  stm32f4xx_hal_crc.o
    0x08002c8e   0x08002c8e   0x00000002   PAD
    0x08002c90   0x08002c90   0x00000032   Code   RO          114    .text.HAL_CRC_MspInit  stm32f4xx_hal_msp.o
    0x08002cc2   0x08002cc2   0x00000002   PAD
    0x08002cc4   0x08002cc4   0x00000092   Code   RO          520    .text.HAL_DMA_Abort  stm32f4xx_hal_dma.o
    0x08002d56   0x08002d56   0x00000002   PAD
    0x08002d58   0x08002d58   0x00000024   Code   RO          522    .text.HAL_DMA_Abort_IT  stm32f4xx_hal_dma.o
    0x08002d7c   0x08002d7c   0x000001c0   Code   RO          526    .text.HAL_DMA_IRQHandler  stm32f4xx_hal_dma.o
    0x08002f3c   0x08002f3c   0x00000162   Code   RO          512    .text.HAL_DMA_Init  stm32f4xx_hal_dma.o
    0x0800309e   0x0800309e   0x00000002   PAD
    0x080030a0   0x080030a0   0x0000009e   Code   RO          518    .text.HAL_DMA_Start_IT  stm32f4xx_hal_dma.o
    0x0800313e   0x0800313e   0x00000002   PAD
    0x08003140   0x08003140   0x00000028   Code   RO          681    .text.HAL_Delay     stm32f4xx_hal.o
    0x08003168   0x08003168   0x00000004   Code   RO           23    .text.HAL_GPIO_EXTI_Callback  main.o
    0x0800316c   0x0800316c   0x00000016   Code   RO          486    .text.HAL_GPIO_EXTI_IRQHandler  stm32f4xx_hal_gpio.o
    0x08003182   0x08003182   0x00000002   PAD
    0x08003184   0x08003184   0x000001ba   Code   RO          474    .text.HAL_GPIO_Init  stm32f4xx_hal_gpio.o
    0x0800333e   0x0800333e   0x00000002   PAD
    0x08003340   0x08003340   0x0000000a   Code   RO          480    .text.HAL_GPIO_WritePin  stm32f4xx_hal_gpio.o
    0x0800334a   0x0800334a   0x00000002   PAD
    0x0800334c   0x0800334c   0x0000000c   Code   RO          673    .text.HAL_GetTick   stm32f4xx_hal.o
    0x08003358   0x08003358   0x0000001a   Code   RO          671    .text.HAL_IncTick   stm32f4xx_hal.o
    0x08003372   0x08003372   0x00000002   PAD
    0x08003374   0x08003374   0x00000036   Code   RO          661    .text.HAL_Init      stm32f4xx_hal.o
    0x080033aa   0x080033aa   0x00000002   PAD
    0x080033ac   0x080033ac   0x00000048   Code   RO          663    .text.HAL_InitTick  stm32f4xx_hal.o
    0x080033f4   0x080033f4   0x00000038   Code   RO          108    .text.HAL_MspInit   stm32f4xx_hal_msp.o
    0x0800342c   0x0800342c   0x00000028   Code   RO          621    .text.HAL_NVIC_DisableIRQ  stm32f4xx_hal_cortex.o
    0x08003454   0x08003454   0x00000020   Code   RO          619    .text.HAL_NVIC_EnableIRQ  stm32f4xx_hal_cortex.o
    0x08003474   0x08003474   0x00000056   Code   RO          617    .text.HAL_NVIC_SetPriority  stm32f4xx_hal_cortex.o
    0x080034ca   0x080034ca   0x00000002   PAD
    0x080034cc   0x080034cc   0x00000020   Code   RO          615    .text.HAL_NVIC_SetPriorityGrouping  stm32f4xx_hal_cortex.o
    0x080034ec   0x080034ec   0x00000002   Code   RO          224    .text.HAL_PCDEx_LPM_Callback  stm32f4xx_hal_pcd_ex.o
    0x080034ee   0x080034ee   0x00000002   PAD
    0x080034f0   0x080034f0   0x00000008   Code   RO          222    .text.HAL_PCDEx_SetRxFiFo  stm32f4xx_hal_pcd_ex.o
    0x080034f8   0x080034f8   0x00000094   Code   RO          220    .text.HAL_PCDEx_SetTxFiFo  stm32f4xx_hal_pcd_ex.o
    0x0800358c   0x0800358c   0x00000008   Code   RO         1693    .text.HAL_PCD_ConnectCallback  usbd_conf.o
    0x08003594   0x08003594   0x00000014   Code   RO         1679    .text.HAL_PCD_DataInStageCallback  usbd_conf.o
    0x080035a8   0x080035a8   0x00000016   Code   RO         1677    .text.HAL_PCD_DataOutStageCallback  usbd_conf.o
    0x080035be   0x080035be   0x00000002   PAD
    0x080035c0   0x080035c0   0x00000008   Code   RO         1695    .text.HAL_PCD_DisconnectCallback  usbd_conf.o
    0x080035c8   0x080035c8   0x0000004c   Code   RO          190    .text.HAL_PCD_EP_Close  stm32f4xx_hal_pcd.o
    0x08003614   0x08003614   0x00000064   Code   RO          200    .text.HAL_PCD_EP_ClrStall  stm32f4xx_hal_pcd.o
    0x08003678   0x08003678   0x00000038   Code   RO          202    .text.HAL_PCD_EP_Flush  stm32f4xx_hal_pcd.o
    0x080036b0   0x080036b0   0x00000012   Code   RO          194    .text.HAL_PCD_EP_GetRxCount  stm32f4xx_hal_pcd.o
    0x080036c2   0x080036c2   0x00000002   PAD
    0x080036c4   0x080036c4   0x00000060   Code   RO          188    .text.HAL_PCD_EP_Open  stm32f4xx_hal_pcd.o
    0x08003724   0x08003724   0x0000004c   Code   RO          192    .text.HAL_PCD_EP_Receive  stm32f4xx_hal_pcd.o
    0x08003770   0x08003770   0x00000078   Code   RO          198    .text.HAL_PCD_EP_SetStall  stm32f4xx_hal_pcd.o
    0x080037e8   0x080037e8   0x00000044   Code   RO          196    .text.HAL_PCD_EP_Transmit  stm32f4xx_hal_pcd.o
    0x0800382c   0x0800382c   0x0000096c   Code   RO          154    .text.HAL_PCD_IRQHandler  stm32f4xx_hal_pcd.o
    0x08004198   0x08004198   0x00000008   Code   RO         1691    .text.HAL_PCD_ISOINIncompleteCallback  usbd_conf.o
    0x080041a0   0x080041a0   0x00000008   Code   RO         1689    .text.HAL_PCD_ISOOUTIncompleteCallback  usbd_conf.o
    0x080041a8   0x080041a8   0x0000013e   Code   RO          142    .text.HAL_PCD_Init  stm32f4xx_hal_pcd.o
    0x080042e6   0x080042e6   0x00000002   PAD
    0x080042e8   0x080042e8   0x0000007e   Code   RO         1671    .text.HAL_PCD_MspInit  usbd_conf.o
    0x08004366   0x08004366   0x00000002   PAD
    0x08004368   0x08004368   0x00000024   Code   RO         1683    .text.HAL_PCD_ResetCallback  usbd_conf.o
    0x0800438c   0x0800438c   0x00000008   Code   RO         1687    .text.HAL_PCD_ResumeCallback  usbd_conf.o
    0x08004394   0x08004394   0x00000008   Code   RO         1681    .text.HAL_PCD_SOFCallback  usbd_conf.o
    0x0800439c   0x0800439c   0x00000028   Code   RO          186    .text.HAL_PCD_SetAddress  stm32f4xx_hal_pcd.o
    0x080043c4   0x080043c4   0x0000000e   Code   RO         1675    .text.HAL_PCD_SetupStageCallback  usbd_conf.o
    0x080043d2   0x080043d2   0x00000002   PAD
    0x080043d4   0x080043d4   0x0000003e   Code   RO          150    .text.HAL_PCD_Start  stm32f4xx_hal_pcd.o
    0x08004412   0x08004412   0x00000002   PAD
    0x08004414   0x08004414   0x00000034   Code   RO         1685    .text.HAL_PCD_SuspendCallback  usbd_conf.o
    0x08004448   0x08004448   0x00000160   Code   RO          344    .text.HAL_RCC_ClockConfig  stm32f4xx_hal_rcc.o
    0x080045a8   0x080045a8   0x0000000c   Code   RO          354    .text.HAL_RCC_GetHCLKFreq  stm32f4xx_hal_rcc.o
    0x080045b4   0x080045b4   0x00000026   Code   RO          356    .text.HAL_RCC_GetPCLK1Freq  stm32f4xx_hal_rcc.o
    0x080045da   0x080045da   0x00000002   PAD
    0x080045dc   0x080045dc   0x00000026   Code   RO          358    .text.HAL_RCC_GetPCLK2Freq  stm32f4xx_hal_rcc.o
    0x08004602   0x08004602   0x00000002   PAD
    0x08004604   0x08004604   0x0000006c   Code   RO          346    .text.HAL_RCC_GetSysClockFreq  stm32f4xx_hal_rcc.o
    0x08004670   0x08004670   0x00000378   Code   RO          342    .text.HAL_RCC_OscConfig  stm32f4xx_hal_rcc.o
    0x080049e8   0x080049e8   0x00000186   Code   RO         1018    .text.HAL_SD_GetCardCSD  stm32f4xx_hal_sd.o
    0x08004b6e   0x08004b6e   0x00000002   PAD
    0x08004b70   0x08004b70   0x00000024   Code   RO         1022    .text.HAL_SD_GetCardInfo  stm32f4xx_hal_sd.o
    0x08004b94   0x08004b94   0x0000002a   Code   RO         1026    .text.HAL_SD_GetCardState  stm32f4xx_hal_sd.o
    0x08004bbe   0x08004bbe   0x00000002   PAD
    0x08004bc0   0x08004bc0   0x00000040   Code   RO          968    .text.HAL_SD_Init   stm32f4xx_hal_sd.o
    0x08004c00   0x08004c00   0x00000230   Code   RO          972    .text.HAL_SD_InitCard  stm32f4xx_hal_sd.o
    0x08004e30   0x08004e30   0x000000c8   Code   RO          118    .text.HAL_SD_MspInit  stm32f4xx_hal_msp.o
    0x08004ef8   0x08004ef8   0x00000250   Code   RO          978    .text.HAL_SD_ReadBlocks  stm32f4xx_hal_sd.o
    0x08005148   0x08005148   0x00000236   Code   RO          980    .text.HAL_SD_WriteBlocks  stm32f4xx_hal_sd.o
    0x0800537e   0x0800537e   0x00000002   PAD
    0x08005380   0x08005380   0x00000002   Code   RO         1124    .text.HAL_SPI_ErrorCallback  stm32f4xx_hal_spi.o
    0x08005382   0x08005382   0x00000002   PAD
    0x08005384   0x08005384   0x000000c6   Code   RO         1042    .text.HAL_SPI_Init  stm32f4xx_hal_spi.o
    0x0800544a   0x0800544a   0x00000002   PAD
    0x0800544c   0x0800544c   0x000000a6   Code   RO          122    .text.HAL_SPI_MspInit  stm32f4xx_hal_msp.o
    0x080054f2   0x080054f2   0x00000002   PAD
    0x080054f4   0x080054f4   0x00000258   Code   RO         1050    .text.HAL_SPI_Transmit  stm32f4xx_hal_spi.o
    0x0800574c   0x0800574c   0x000000ea   Code   RO         1080    .text.HAL_SPI_Transmit_DMA  stm32f4xx_hal_spi.o
    0x08005836   0x08005836   0x00000002   PAD
    0x08005838   0x08005838   0x00000002   Code   RO         1126    .text.HAL_SPI_TxCpltCallback  stm32f4xx_hal_spi.o
    0x0800583a   0x0800583a   0x00000002   PAD
    0x0800583c   0x0800583c   0x00000002   Code   RO         1132    .text.HAL_SPI_TxHalfCpltCallback  stm32f4xx_hal_spi.o
    0x0800583e   0x0800583e   0x00000002   PAD
    0x08005840   0x08005840   0x0000002c   Code   RO          627    .text.HAL_SYSTICK_Config  stm32f4xx_hal_cortex.o
    0x0800586c   0x0800586c   0x00000002   Code   RO         1461    .text.HAL_TIMEx_BreakCallback  stm32f4xx_hal_tim_ex.o
    0x0800586e   0x0800586e   0x00000002   PAD
    0x08005870   0x08005870   0x00000002   Code   RO         1457    .text.HAL_TIMEx_CommutCallback  stm32f4xx_hal_tim_ex.o
    0x08005872   0x08005872   0x00000002   PAD
    0x08005874   0x08005874   0x00000090   Code   RO         1451    .text.HAL_TIMEx_MasterConfigSynchronization  stm32f4xx_hal_tim_ex.o
    0x08005904   0x08005904   0x0000013c   Code   RO         1156    .text.HAL_TIM_Base_Init  stm32f4xx_hal_tim.o
    0x08005a40   0x08005a40   0x000000bc   Code   RO          126    .text.HAL_TIM_Base_MspInit  stm32f4xx_hal_msp.o
    0x08005afc   0x08005afc   0x0000007c   Code   RO         1166    .text.HAL_TIM_Base_Start  stm32f4xx_hal_tim.o
    0x08005b78   0x08005b78   0x00000084   Code   RO         1170    .text.HAL_TIM_Base_Start_IT  stm32f4xx_hal_tim.o
    0x08005bfc   0x08005bfc   0x00000034   Code   RO         1168    .text.HAL_TIM_Base_Stop  stm32f4xx_hal_tim.o
    0x08005c30   0x08005c30   0x0000003c   Code   RO         1172    .text.HAL_TIM_Base_Stop_IT  stm32f4xx_hal_tim.o
    0x08005c6c   0x08005c6c   0x0000019c   Code   RO         1336    .text.HAL_TIM_ConfigClockSource  stm32f4xx_hal_tim.o
    0x08005e08   0x08005e08   0x00000002   Code   RO         1292    .text.HAL_TIM_IC_CaptureCallback  stm32f4xx_hal_tim.o
    0x08005e0a   0x08005e0a   0x00000002   PAD
    0x08005e0c   0x08005e0c   0x00000170   Code   RO         1290    .text.HAL_TIM_IRQHandler  stm32f4xx_hal_tim.o
    0x08005f7c   0x08005f7c   0x00000002   Code   RO         1294    .text.HAL_TIM_OC_DelayElapsedCallback  stm32f4xx_hal_tim.o
    0x08005f7e   0x08005f7e   0x00000002   PAD
    0x08005f80   0x08005f80   0x00000002   Code   RO         1296    .text.HAL_TIM_PWM_PulseFinishedCallback  stm32f4xx_hal_tim.o
    0x08005f82   0x08005f82   0x00000002   PAD
    0x08005f84   0x08005f84   0x0000008a   Code   RO           19    .text.HAL_TIM_PeriodElapsedCallback  main.o
    0x0800600e   0x0800600e   0x00000002   PAD
    0x08006010   0x08006010   0x00000002   Code   RO         1300    .text.HAL_TIM_TriggerCallback  stm32f4xx_hal_tim.o
    0x08006012   0x08006012   0x00000002   PAD
    0x08006014   0x08006014   0x00000002   Code   RO         1559    .text.HAL_UARTEx_RxEventCallback  stm32f4xx_hal_uart.o
    0x08006016   0x08006016   0x00000002   PAD
    0x08006018   0x08006018   0x00000002   Code   RO         1557    .text.HAL_UART_ErrorCallback  stm32f4xx_hal_uart.o
    0x0800601a   0x0800601a   0x00000002   PAD
    0x0800601c   0x0800601c   0x00000576   Code   RO         1551    .text.HAL_UART_IRQHandler  stm32f4xx_hal_uart.o
    0x08006592   0x08006592   0x00000002   PAD
    0x08006594   0x08006594   0x0000005e   Code   RO         1475    .text.HAL_UART_Init  stm32f4xx_hal_uart.o
    0x080065f2   0x080065f2   0x00000002   PAD
    0x080065f4   0x080065f4   0x00000124   Code   RO          130    .text.HAL_UART_MspInit  stm32f4xx_hal_msp.o
    0x08006718   0x08006718   0x00000174   Code   RO         1509    .text.HAL_UART_Receive_DMA  stm32f4xx_hal_uart.o
    0x0800688c   0x0800688c   0x00000014   Code   RO           21    .text.HAL_UART_RxCpltCallback  main.o
    0x080068a0   0x080068a0   0x00000002   Code   RO         1567    .text.HAL_UART_RxHalfCpltCallback  stm32f4xx_hal_uart.o
    0x080068a2   0x080068a2   0x00000002   PAD
    0x080068a4   0x080068a4   0x00000002   Code   RO         1561    .text.HAL_UART_TxCpltCallback  stm32f4xx_hal_uart.o
    0x080068a6   0x080068a6   0x00000002   PAD
    0x080068a8   0x080068a8   0x00000002   Code   RO           61    .text.HardFault_Handler  stm32f4xx_it.o
    0x080068aa   0x080068aa   0x00000002   PAD
    0x080068ac   0x080068ac   0x00000096   Code   RO         1886    .text.MSC_BOT_CplClrFeature  usbd_msc_bot.o
    0x08006942   0x08006942   0x00000002   PAD
    0x08006944   0x08006944   0x000000a4   Code   RO         1880    .text.MSC_BOT_DataIn  usbd_msc_bot.o
    0x080069e8   0x080069e8   0x00000278   Code   RO         1884    .text.MSC_BOT_DataOut  usbd_msc_bot.o
    0x08006c60   0x08006c60   0x00000016   Code   RO         1878    .text.MSC_BOT_DeInit  usbd_msc_bot.o
    0x08006c76   0x08006c76   0x00000002   PAD
    0x08006c78   0x08006c78   0x0000005e   Code   RO         1874    .text.MSC_BOT_Init  usbd_msc_bot.o
    0x08006cd6   0x08006cd6   0x00000002   PAD
    0x08006cd8   0x08006cd8   0x0000004e   Code   RO         1876    .text.MSC_BOT_Reset  usbd_msc_bot.o
    0x08006d26   0x08006d26   0x00000002   PAD
    0x08006d28   0x08006d28   0x0000005a   Code   RO         1882    .text.MSC_BOT_SendCSW  usbd_msc_bot.o
    0x08006d82   0x08006d82   0x00000002   PAD
    0x08006d84   0x08006d84   0x0000001c   Code   RO         1983    .text.MX_FATFS_Init  fatfs.o
    0x08006da0   0x08006da0   0x00000072   Code   RO         1610    .text.MX_USB_DEVICE_Init  usb_device.o
    0x08006e12   0x08006e12   0x00000002   PAD
    0x08006e14   0x08006e14   0x0000000e   Code   RO         2283    .text.MainMenu_ADC_CallBack  new_display.o
    0x08006e22   0x08006e22   0x00000002   PAD
    0x08006e24   0x08006e24   0x000000be   Code   RO         2279    .text.MainMenu_BattonClick_CallBack  new_display.o
    0x08006ee2   0x08006ee2   0x00000002   PAD
    0x08006ee4   0x08006ee4   0x00000010   Code   RO         2281    .text.MainMenu_Timer10_CallBack  new_display.o
    0x08006ef4   0x08006ef4   0x0000001a   Code   RO         2261    .text.MeasurementDataPackage  new_display.o
    0x08006f0e   0x08006f0e   0x00000002   PAD
    0x08006f10   0x08006f10   0x0000003c   Code   RO         2259    .text.MeasurementGPSProcess  new_display.o
    0x08006f4c   0x08006f4c   0x0000006a   Code   RO         2257    .text.MeasurementStart  new_display.o
    0x08006fb6   0x08006fb6   0x00000002   PAD
    0x08006fb8   0x08006fb8   0x00000224   Code   RO         2263    .text.MeasurementStop  new_display.o
    0x080071dc   0x080071dc   0x00000002   Code   RO           63    .text.MemManage_Handler  stm32f4xx_it.o
    0x080071de   0x080071de   0x00000002   PAD
    0x080071e0   0x080071e0   0x00000002   Code   RO           59    .text.NMI_Handler   stm32f4xx_it.o
    0x080071e2   0x080071e2   0x00000002   PAD
    0x080071e4   0x080071e4   0x0000000c   Code   RO           99    .text.OTG_FS_IRQHandler  stm32f4xx_it.o
    0x080071f0   0x080071f0   0x00000002   Code   RO           73    .text.PendSV_Handler  stm32f4xx_it.o
    0x080071f2   0x080071f2   0x00000002   PAD
    0x080071f4   0x080071f4   0x0000093a   Code   RO         1905    .text.SCSI_ProcessCmd  usbd_msc_scsi.o
    0x08007b2e   0x08007b2e   0x00000002   PAD
    0x08007b30   0x08007b30   0x000000c8   Code   RO         1909    .text.SCSI_ProcessRead  usbd_msc_scsi.o
    0x08007bf8   0x08007bf8   0x000000e0   Code   RO         1911    .text.SCSI_ProcessWrite  usbd_msc_scsi.o
    0x08007cd8   0x08007cd8   0x0000003a   Code   RO         1907    .text.SCSI_SenseCode  usbd_msc_scsi.o
    0x08007d12   0x08007d12   0x00000002   PAD
    0x08007d14   0x08007d14   0x00000026   Code   RO          888    .text.SDIO_ConfigData  stm32f4xx_ll_sdmmc.o
    0x08007d3a   0x08007d3a   0x00000002   PAD
    0x08007d3c   0x08007d3c   0x00000008   Code   RO          880    .text.SDIO_GetPowerState  stm32f4xx_ll_sdmmc.o
    0x08007d44   0x08007d44   0x00000006   Code   RO          886    .text.SDIO_GetResponse  stm32f4xx_ll_sdmmc.o
    0x08007d4a   0x08007d4a   0x00000002   PAD
    0x08007d4c   0x08007d4c   0x0000002c   Code   RO          870    .text.SDIO_Init     stm32f4xx_ll_sdmmc.o
    0x08007d78   0x08007d78   0x0000000a   Code   RO          876    .text.SDIO_PowerState_ON  stm32f4xx_ll_sdmmc.o
    0x08007d82   0x08007d82   0x00000002   PAD
    0x08007d84   0x08007d84   0x00000006   Code   RO          872    .text.SDIO_ReadFIFO  stm32f4xx_ll_sdmmc.o
    0x08007d8a   0x08007d8a   0x00000002   PAD
    0x08007d8c   0x08007d8c   0x0000000c   Code   RO          874    .text.SDIO_WriteFIFO  stm32f4xx_ll_sdmmc.o
    0x08007d98   0x08007d98   0x00000018   Code   RO          928    .text.SDMMC_CmdAppCommand  stm32f4xx_ll_sdmmc.o
    0x08007db0   0x08007db0   0x00000094   Code   RO          930    .text.SDMMC_CmdAppOperCommand  stm32f4xx_ll_sdmmc.o
    0x08007e44   0x08007e44   0x00000018   Code   RO          896    .text.SDMMC_CmdBlockLength  stm32f4xx_ll_sdmmc.o
    0x08007e5c   0x08007e5c   0x00000060   Code   RO          922    .text.SDMMC_CmdGoIdleState  stm32f4xx_ll_sdmmc.o
    0x08007ebc   0x08007ebc   0x000000a8   Code   RO          924    .text.SDMMC_CmdOperCond  stm32f4xx_ll_sdmmc.o
    0x08007f64   0x08007f64   0x00000018   Code   RO          902    .text.SDMMC_CmdReadMultiBlock  stm32f4xx_ll_sdmmc.o
    0x08007f7c   0x08007f7c   0x00000018   Code   RO          900    .text.SDMMC_CmdReadSingleBlock  stm32f4xx_ll_sdmmc.o
    0x08007f94   0x08007f94   0x00000018   Code   RO          920    .text.SDMMC_CmdSelDesel  stm32f4xx_ll_sdmmc.o
    0x08007fac   0x08007fac   0x000000a0   Code   RO          938    .text.SDMMC_CmdSendCID  stm32f4xx_ll_sdmmc.o
    0x0800804c   0x0800804c   0x000000a0   Code   RO          942    .text.SDMMC_CmdSendCSD  stm32f4xx_ll_sdmmc.o
    0x080080ec   0x080080ec   0x00000018   Code   RO          950    .text.SDMMC_CmdSendStatus  stm32f4xx_ll_sdmmc.o
    0x08008104   0x08008104   0x000000d6   Code   RO          944    .text.SDMMC_CmdSetRelAdd  stm32f4xx_ll_sdmmc.o
    0x080081da   0x080081da   0x00000002   PAD
    0x080081dc   0x080081dc   0x0000001e   Code   RO          918    .text.SDMMC_CmdStopTransfer  stm32f4xx_ll_sdmmc.o
    0x080081fa   0x080081fa   0x00000002   PAD
    0x080081fc   0x080081fc   0x00000018   Code   RO          906    .text.SDMMC_CmdWriteMultiBlock  stm32f4xx_ll_sdmmc.o
    0x08008214   0x08008214   0x00000018   Code   RO          904    .text.SDMMC_CmdWriteSingleBlock  stm32f4xx_ll_sdmmc.o
    0x0800822c   0x0800822c   0x0000016a   Code   RO          898    .text.SDMMC_GetCmdResp1  stm32f4xx_ll_sdmmc.o
    0x08008396   0x08008396   0x00000002   PAD
    0x08008398   0x08008398   0x00000038   Code   RO         1963    .text.SD_initialize  sd_diskio.o
    0x080083d0   0x080083d0   0x00000062   Code   RO         1971    .text.SD_ioctl      sd_diskio.o
    0x08008432   0x08008432   0x00000002   PAD
    0x08008434   0x08008434   0x00000024   Code   RO         1967    .text.SD_read       sd_diskio.o
    0x08008458   0x08008458   0x00000024   Code   RO         1965    .text.SD_status     sd_diskio.o
    0x0800847c   0x0800847c   0x00000024   Code   RO         1969    .text.SD_write      sd_diskio.o
    0x080084a0   0x080084a0   0x0000001e   Code   RO         1086    .text.SPI_DMAError  stm32f4xx_hal_spi.o
    0x080084be   0x080084be   0x00000002   PAD
    0x080084c0   0x080084c0   0x00000006   Code   RO         1082    .text.SPI_DMAHalfTransmitCplt  stm32f4xx_hal_spi.o
    0x080084c6   0x080084c6   0x00000002   PAD
    0x080084c8   0x080084c8   0x000000f4   Code   RO         1084    .text.SPI_DMATransmitCplt  stm32f4xx_hal_spi.o
    0x080085bc   0x080085bc   0x000000e4   Code   RO         1146    .text.SPI_WaitFlagStateUntilTimeout  stm32f4xx_hal_spi.o
    0x080086a0   0x080086a0   0x00000010   Code   RO         2135    .text.ST7735_Backlight_On  st7735.o
    0x080086b0   0x080086b0   0x0000011c   Code   RO         2155    .text.ST7735_DrawRect  st7735.o
    0x080087cc   0x080087cc   0x00000218   Code   RO         2123    .text.ST7735_DrawString  st7735.o
    0x080089e4   0x080089e4   0x000001d6   Code   RO         2125    .text.ST7735_FillRectangle  st7735.o
    0x08008bba   0x08008bba   0x00000002   PAD
    0x08008bbc   0x08008bbc   0x00000036   Code   RO         2127    .text.ST7735_FillScreen  st7735.o
    0x08008bf2   0x08008bf2   0x00000002   PAD
    0x08008bf4   0x08008bf4   0x0000029c   Code   RO         2117    .text.ST7735_Init   st7735.o
    0x08008e90   0x08008e90   0x00000114   Code   RO         2121    .text.ST7735_SetAddressWindow  st7735.o
    0x08008fa4   0x08008fa4   0x00000032   Code   RO         1648    .text.STORAGE_GetCapacity_FS  usbd_storage_if.o
    0x08008fd6   0x08008fd6   0x00000002   PAD
    0x08008fd8   0x08008fd8   0x00000004   Code   RO         1658    .text.STORAGE_GetMaxLun_FS  usbd_storage_if.o
    0x08008fdc   0x08008fdc   0x0000001a   Code   RO         1646    .text.STORAGE_Init_FS  usbd_storage_if.o
    0x08008ff6   0x08008ff6   0x00000002   PAD
    0x08008ff8   0x08008ff8   0x00000004   Code   RO         1650    .text.STORAGE_IsReady_FS  usbd_storage_if.o
    0x08008ffc   0x08008ffc   0x00000004   Code   RO         1652    .text.STORAGE_IsWriteProtected_FS  usbd_storage_if.o
    0x08009000   0x08009000   0x00000032   Code   RO         1654    .text.STORAGE_Read_FS  usbd_storage_if.o
    0x08009032   0x08009032   0x00000002   PAD
    0x08009034   0x08009034   0x00000032   Code   RO         1656    .text.STORAGE_Write_FS  usbd_storage_if.o
    0x08009066   0x08009066   0x00000002   PAD
    0x08009068   0x08009068   0x00000002   Code   RO           69    .text.SVC_Handler   stm32f4xx_it.o
    0x0800906a   0x0800906a   0x00000002   PAD
    0x0800906c   0x0800906c   0x00000004   Code   RO           75    .text.SysTick_Handler  stm32f4xx_it.o
    0x08009070   0x08009070   0x000000b4   Code   RO           13    .text.SystemClock_Config  main.o
    0x08009124   0x08009124   0x00000012   Code   RO         1595    .text.SystemInit    system_stm32f4xx.o
    0x08009136   0x08009136   0x00000002   PAD
    0x08009138   0x08009138   0x0000000c   Code   RO           89    .text.TIM1_TRG_COM_TIM11_IRQHandler  stm32f4xx_it.o
    0x08009144   0x08009144   0x0000000c   Code   RO           87    .text.TIM1_UP_TIM10_IRQHandler  stm32f4xx_it.o
    0x08009150   0x08009150   0x0000000c   Code   RO         1555    .text.UART_DMAAbortOnError  stm32f4xx_hal_uart.o
    0x0800915c   0x0800915c   0x0000017c   Code   RO         1507    .text.UART_DMAError  stm32f4xx_hal_uart.o
    0x080092d8   0x080092d8   0x0000015a   Code   RO         1583    .text.UART_DMAReceiveCplt  stm32f4xx_hal_uart.o
    0x08009432   0x08009432   0x00000002   PAD
    0x08009434   0x08009434   0x00000014   Code   RO         1585    .text.UART_DMARxHalfCplt  stm32f4xx_hal_uart.o
    0x08009448   0x08009448   0x00000102   Code   RO         1553    .text.UART_Receive_IT  stm32f4xx_hal_uart.o
    0x0800954a   0x0800954a   0x00000002   PAD
    0x0800954c   0x0800954c   0x000000e2   Code   RO         1479    .text.UART_SetConfig  stm32f4xx_hal_uart.o
    0x0800962e   0x0800962e   0x00000002   PAD
    0x08009630   0x08009630   0x0000000c   Code   RO           91    .text.USART1_IRQHandler  stm32f4xx_it.o
    0x0800963c   0x0800963c   0x0000000c   Code   RO           93    .text.USART2_IRQHandler  stm32f4xx_it.o
    0x08009648   0x08009648   0x00000012   Code   RO         1757    .text.USBD_ClrClassConfig  usbd_core.o
    0x0800965a   0x0800965a   0x00000002   PAD
    0x0800965c   0x0800965c   0x00000004   Code   RO         1765    .text.USBD_CoreFindEP  usbd_core.o
    0x08009660   0x08009660   0x00000004   Code   RO         1763    .text.USBD_CoreFindIF  usbd_core.o
    0x08009664   0x08009664   0x00000010   Code   RO         1826    .text.USBD_CtlContinueRx  usbd_ioreq.o
    0x08009674   0x08009674   0x00000010   Code   RO         1822    .text.USBD_CtlContinueSendData  usbd_ioreq.o
    0x08009684   0x08009684   0x00000016   Code   RO         1801    .text.USBD_CtlError  usbd_ctlreq.o
    0x0800969a   0x0800969a   0x00000002   PAD
    0x0800969c   0x0800969c   0x00000016   Code   RO         1830    .text.USBD_CtlReceiveStatus  usbd_ioreq.o
    0x080096b2   0x080096b2   0x00000002   PAD
    0x080096b4   0x080096b4   0x0000001a   Code   RO         1820    .text.USBD_CtlSendData  usbd_ioreq.o
    0x080096ce   0x080096ce   0x00000002   PAD
    0x080096d0   0x080096d0   0x00000016   Code   RO         1828    .text.USBD_CtlSendStatus  usbd_ioreq.o
    0x080096e6   0x080096e6   0x00000002   PAD
    0x080096e8   0x080096e8   0x00000024   Code   RO         1629    .text.USBD_FS_ConfigStrDescriptor  usbd_desc.o
    0x0800970c   0x0800970c   0x0000000e   Code   RO         1619    .text.USBD_FS_DeviceDescriptor  usbd_desc.o
    0x0800971a   0x0800971a   0x00000002   PAD
    0x0800971c   0x0800971c   0x00000028   Code   RO         1631    .text.USBD_FS_InterfaceStrDescriptor  usbd_desc.o
    0x08009744   0x08009744   0x0000000e   Code   RO         1621    .text.USBD_FS_LangIDStrDescriptor  usbd_desc.o
    0x08009752   0x08009752   0x00000002   PAD
    0x08009754   0x08009754   0x0000002c   Code   RO         1623    .text.USBD_FS_ManufacturerStrDescriptor  usbd_desc.o
    0x08009780   0x08009780   0x0000002c   Code   RO         1625    .text.USBD_FS_ProductStrDescriptor  usbd_desc.o
    0x080097ac   0x080097ac   0x0000016c   Code   RO         1627    .text.USBD_FS_SerialStrDescriptor  usbd_desc.o
    0x08009918   0x08009918   0x00000040   Code   RO         1787    .text.USBD_GetEpDesc  usbd_core.o
    0x08009958   0x08009958   0x000000da   Code   RO         1809    .text.USBD_GetString  usbd_ctlreq.o
    0x08009a32   0x08009a32   0x00000002   PAD
    0x08009a34   0x08009a34   0x0000002a   Code   RO         1743    .text.USBD_Init     usbd_core.o
    0x08009a5e   0x08009a5e   0x00000002   PAD
    0x08009a60   0x08009a60   0x00000024   Code   RO         1715    .text.USBD_LL_ClearStallEP  usbd_conf.o
    0x08009a84   0x08009a84   0x00000024   Code   RO         1709    .text.USBD_LL_CloseEP  usbd_conf.o
    0x08009aa8   0x08009aa8   0x000000b6   Code   RO         1767    .text.USBD_LL_DataInStage  usbd_core.o
    0x08009b5e   0x08009b5e   0x00000002   PAD
    0x08009b60   0x08009b60   0x00000078   Code   RO         1761    .text.USBD_LL_DataOutStage  usbd_core.o
    0x08009bd8   0x08009bd8   0x00000004   Code   RO         1783    .text.USBD_LL_DevConnected  usbd_core.o
    0x08009bdc   0x08009bdc   0x00000020   Code   RO         1785    .text.USBD_LL_DevDisconnected  usbd_core.o
    0x08009bfc   0x08009bfc   0x00000024   Code   RO         1711    .text.USBD_LL_FlushEP  usbd_conf.o
    0x08009c20   0x08009c20   0x00000008   Code   RO         1725    .text.USBD_LL_GetRxDataSize  usbd_conf.o
    0x08009c28   0x08009c28   0x00000070   Code   RO         1697    .text.USBD_LL_Init  usbd_conf.o
    0x08009c98   0x08009c98   0x00000020   Code   RO         1717    .text.USBD_LL_IsStallEP  usbd_conf.o
    0x08009cb8   0x08009cb8   0x00000028   Code   RO         1779    .text.USBD_LL_IsoINIncomplete  usbd_core.o
    0x08009ce0   0x08009ce0   0x00000028   Code   RO         1781    .text.USBD_LL_IsoOUTIncomplete  usbd_core.o
    0x08009d08   0x08009d08   0x0000002a   Code   RO         1707    .text.USBD_LL_OpenEP  usbd_conf.o
    0x08009d32   0x08009d32   0x00000002   PAD
    0x08009d34   0x08009d34   0x00000024   Code   RO         1723    .text.USBD_LL_PrepareReceive  usbd_conf.o
    0x08009d58   0x08009d58   0x00000066   Code   RO         1769    .text.USBD_LL_Reset  usbd_core.o
    0x08009dbe   0x08009dbe   0x00000002   PAD
    0x08009dc0   0x08009dc0   0x00000014   Code   RO         1775    .text.USBD_LL_Resume  usbd_core.o
    0x08009dd4   0x08009dd4   0x0000001c   Code   RO         1777    .text.USBD_LL_SOF   usbd_core.o
    0x08009df0   0x08009df0   0x00000008   Code   RO         1771    .text.USBD_LL_SetSpeed  usbd_core.o
    0x08009df8   0x08009df8   0x00000024   Code   RO         1719    .text.USBD_LL_SetUSBAddress  usbd_conf.o
    0x08009e1c   0x08009e1c   0x00000062   Code   RO         1759    .text.USBD_LL_SetupStage  usbd_core.o
    0x08009e7e   0x08009e7e   0x00000002   PAD
    0x08009e80   0x08009e80   0x00000024   Code   RO         1713    .text.USBD_LL_StallEP  usbd_conf.o
    0x08009ea4   0x08009ea4   0x00000024   Code   RO         1703    .text.USBD_LL_Start  usbd_conf.o
    0x08009ec8   0x08009ec8   0x00000014   Code   RO         1773    .text.USBD_LL_Suspend  usbd_core.o
    0x08009edc   0x08009edc   0x00000024   Code   RO         1721    .text.USBD_LL_Transmit  usbd_conf.o
    0x08009f00   0x08009f00   0x0000000a   Code   RO         1848    .text.USBD_MSC_DataIn  usbd_msc.o
    0x08009f0a   0x08009f0a   0x00000002   PAD
    0x08009f0c   0x08009f0c   0x0000000a   Code   RO         1850    .text.USBD_MSC_DataOut  usbd_msc.o
    0x08009f16   0x08009f16   0x00000002   PAD
    0x08009f18   0x08009f18   0x00000074   Code   RO         1844    .text.USBD_MSC_DeInit  usbd_msc.o
    0x08009f8c   0x08009f8c   0x00000010   Code   RO         1858    .text.USBD_MSC_GetDeviceQualifierDescriptor  usbd_msc.o
    0x08009f9c   0x08009f9c   0x0000003c   Code   RO         1854    .text.USBD_MSC_GetFSCfgDesc  usbd_msc.o
    0x08009fd8   0x08009fd8   0x00000040   Code   RO         1852    .text.USBD_MSC_GetHSCfgDesc  usbd_msc.o
    0x0800a018   0x0800a018   0x0000003c   Code   RO         1856    .text.USBD_MSC_GetOtherSpeedCfgDesc  usbd_msc.o
    0x0800a054   0x0800a054   0x0000008a   Code   RO         1842    .text.USBD_MSC_Init  usbd_msc.o
    0x0800a0de   0x0800a0de   0x00000002   PAD
    0x0800a0e0   0x0800a0e0   0x00000018   Code   RO         1860    .text.USBD_MSC_RegisterStorage  usbd_msc.o
    0x0800a0f8   0x0800a0f8   0x000000fa   Code   RO         1846    .text.USBD_MSC_Setup  usbd_msc.o
    0x0800a1f2   0x0800a1f2   0x00000002   PAD
    0x0800a1f4   0x0800a1f4   0x00000016   Code   RO         1807    .text.USBD_ParseSetupRequest  usbd_ctlreq.o
    0x0800a20a   0x0800a20a   0x00000002   PAD
    0x0800a20c   0x0800a20c   0x00000042   Code   RO         1747    .text.USBD_RegisterClass  usbd_core.o
    0x0800a24e   0x0800a24e   0x00000002   PAD
    0x0800a250   0x0800a250   0x00000010   Code   RO         1755    .text.USBD_SetClassConfig  usbd_core.o
    0x0800a260   0x0800a260   0x00000004   Code   RO         1749    .text.USBD_Start    usbd_core.o
    0x0800a264   0x0800a264   0x00000374   Code   RO         1799    .text.USBD_StdDevReq  usbd_ctlreq.o
    0x0800a5d8   0x0800a5d8   0x00000196   Code   RO         1805    .text.USBD_StdEPReq  usbd_ctlreq.o
    0x0800a76e   0x0800a76e   0x00000002   PAD
    0x0800a770   0x0800a770   0x00000096   Code   RO         1803    .text.USBD_StdItfReq  usbd_ctlreq.o
    0x0800a806   0x0800a806   0x00000002   PAD
    0x0800a808   0x0800a808   0x00000002   Code   RO         1729    .text.USBD_static_free  usbd_conf.o
    0x0800a80a   0x0800a80a   0x00000002   PAD
    0x0800a80c   0x0800a80c   0x0000000a   Code   RO         1727    .text.USBD_static_malloc  usbd_conf.o
    0x0800a816   0x0800a816   0x00000002   PAD
    0x0800a818   0x0800a818   0x00000098   Code   RO          258    .text.USB_ActivateEndpoint  stm32f4xx_ll_usb.o
    0x0800a8b0   0x0800a8b0   0x00000020   Code   RO          300    .text.USB_ActivateSetup  stm32f4xx_ll_usb.o
    0x0800a8d0   0x0800a8d0   0x000001e6   Code   RO          236    .text.USB_CoreInit  stm32f4xx_ll_usb.o
    0x0800aab6   0x0800aab6   0x00000002   PAD
    0x0800aab8   0x0800aab8   0x00000094   Code   RO          262    .text.USB_DeactivateEndpoint  stm32f4xx_ll_usb.o
    0x0800ab4c   0x0800ab4c   0x0000001e   Code   RO          284    .text.USB_DevConnect  stm32f4xx_ll_usb.o
    0x0800ab6a   0x0800ab6a   0x00000002   PAD
    0x0800ab6c   0x0800ab6c   0x0000001e   Code   RO          286    .text.USB_DevDisconnect  stm32f4xx_ll_usb.o
    0x0800ab8a   0x0800ab8a   0x00000002   PAD
    0x0800ab8c   0x0800ab8c   0x00000316   Code   RO          248    .text.USB_DevInit   stm32f4xx_ll_usb.o
    0x0800aea2   0x0800aea2   0x00000002   PAD
    0x0800aea4   0x0800aea4   0x0000000e   Code   RO          242    .text.USB_DisableGlobalInt  stm32f4xx_ll_usb.o
    0x0800aeb2   0x0800aeb2   0x00000002   PAD
    0x0800aeb4   0x0800aeb4   0x000000fc   Code   RO          270    .text.USB_EP0StartXfer  stm32f4xx_ll_usb.o
    0x0800afb0   0x0800afb0   0x0000005a   Code   RO          302    .text.USB_EP0_OutStart  stm32f4xx_ll_usb.o
    0x0800b00a   0x0800b00a   0x00000002   PAD
    0x0800b00c   0x0800b00c   0x00000050   Code   RO          278    .text.USB_EPClearStall  stm32f4xx_ll_usb.o
    0x0800b05c   0x0800b05c   0x00000050   Code   RO          276    .text.USB_EPSetStall  stm32f4xx_ll_usb.o
    0x0800b0ac   0x0800b0ac   0x00000210   Code   RO          266    .text.USB_EPStartXfer  stm32f4xx_ll_usb.o
    0x0800b2bc   0x0800b2bc   0x00000112   Code   RO          272    .text.USB_EPStopXfer  stm32f4xx_ll_usb.o
    0x0800b3ce   0x0800b3ce   0x00000002   PAD
    0x0800b3d0   0x0800b3d0   0x0000000e   Code   RO          240    .text.USB_EnableGlobalInt  stm32f4xx_ll_usb.o
    0x0800b3de   0x0800b3de   0x00000002   PAD
    0x0800b3e0   0x0800b3e0   0x000000b6   Code   RO          254    .text.USB_FlushRxFifo  stm32f4xx_ll_usb.o
    0x0800b496   0x0800b496   0x00000002   PAD
    0x0800b498   0x0800b498   0x000000ba   Code   RO          252    .text.USB_FlushTxFifo  stm32f4xx_ll_usb.o
    0x0800b552   0x0800b552   0x00000002   PAD
    0x0800b554   0x0800b554   0x0000001a   Code   RO          256    .text.USB_GetDevSpeed  stm32f4xx_ll_usb.o
    0x0800b56e   0x0800b56e   0x00000002   PAD
    0x0800b570   0x0800b570   0x00000008   Code   RO          246    .text.USB_GetMode   stm32f4xx_ll_usb.o
    0x0800b578   0x0800b578   0x0000000e   Code   RO          292    .text.USB_ReadDevAllInEpInterrupt  stm32f4xx_ll_usb.o
    0x0800b586   0x0800b586   0x00000002   PAD
    0x0800b588   0x0800b588   0x0000000e   Code   RO          290    .text.USB_ReadDevAllOutEpInterrupt  stm32f4xx_ll_usb.o
    0x0800b596   0x0800b596   0x00000002   PAD
    0x0800b598   0x0800b598   0x00000024   Code   RO          296    .text.USB_ReadDevInEPInterrupt  stm32f4xx_ll_usb.o
    0x0800b5bc   0x0800b5bc   0x00000010   Code   RO          294    .text.USB_ReadDevOutEPInterrupt  stm32f4xx_ll_usb.o
    0x0800b5cc   0x0800b5cc   0x00000008   Code   RO          288    .text.USB_ReadInterrupts  stm32f4xx_ll_usb.o
    0x0800b5d4   0x0800b5d4   0x000000be   Code   RO          274    .text.USB_ReadPacket  stm32f4xx_ll_usb.o
    0x0800b692   0x0800b692   0x00000002   PAD
    0x0800b694   0x0800b694   0x0000006c   Code   RO          244    .text.USB_SetCurrentMode  stm32f4xx_ll_usb.o
    0x0800b700   0x0800b700   0x00000022   Code   RO          282    .text.USB_SetDevAddress  stm32f4xx_ll_usb.o
    0x0800b722   0x0800b722   0x00000002   PAD
    0x0800b724   0x0800b724   0x00000120   Code   RO          238    .text.USB_SetTurnaroundTime  stm32f4xx_ll_usb.o
    0x0800b844   0x0800b844   0x00000076   Code   RO          268    .text.USB_WritePacket  stm32f4xx_ll_usb.o
    0x0800b8ba   0x0800b8ba   0x00000002   PAD
    0x0800b8bc   0x0800b8bc   0x00000002   Code   RO           67    .text.UsageFault_Handler  stm32f4xx_it.o
    0x0800b8be   0x0800b8be   0x00000002   PAD
    0x0800b8c0   0x0800b8c0   0x0000011a   Code   RO         2033    .text.create_chain  ff.o
    0x0800b9da   0x0800b9da   0x00000002   PAD
    0x0800b9dc   0x0800b9dc   0x00000270   Code   RO         2049    .text.dir_next      ff.o
    0x0800bc4c   0x0800bc4c   0x0000023e   Code   RO         2025    .text.dir_register  ff.o
    0x0800be8a   0x0800be8a   0x00000002   PAD
    0x0800be8c   0x0800be8c   0x00000024   Code   RO         1999    .text.disk_initialize  diskio.o
    0x0800beb0   0x0800beb0   0x00000016   Code   RO         2005    .text.disk_ioctl    diskio.o
    0x0800bec6   0x0800bec6   0x00000002   PAD
    0x0800bec8   0x0800bec8   0x00000020   Code   RO         2001    .text.disk_read     diskio.o
    0x0800bee8   0x0800bee8   0x00000016   Code   RO         1997    .text.disk_status   diskio.o
    0x0800befe   0x0800befe   0x00000002   PAD
    0x0800bf00   0x0800bf00   0x00000020   Code   RO         2003    .text.disk_write    diskio.o
    0x0800bf20   0x0800bf20   0x00000068   Code   RO         2039    .text.f_close       ff.o
    0x0800bf88   0x0800bf88   0x00000346   Code   RO         2041    .text.f_lseek       ff.o
    0x0800c2ce   0x0800c2ce   0x00000002   PAD
    0x0800c2d0   0x0800c2d0   0x0000011e   Code   RO         2017    .text.f_mount       ff.o
    0x0800c3ee   0x0800c3ee   0x00000002   PAD
    0x0800c3f0   0x0800c3f0   0x000004a4   Code   RO         2021    .text.f_open        ff.o
    0x0800c894   0x0800c894   0x00000146   Code   RO         2035    .text.f_sync        ff.o
    0x0800c9da   0x0800c9da   0x00000002   PAD
    0x0800c9dc   0x0800c9dc   0x00000342   Code   RO         2031    .text.f_write       ff.o
    0x0800cd1e   0x0800cd1e   0x00000002   PAD
    0x0800cd20   0x0800cd20   0x000006ae   Code   RO         2019    .text.find_volume   ff.o
    0x0800d3ce   0x0800d3ce   0x00000002   PAD
    0x0800d3d0   0x0800d3d0   0x0000051a   Code   RO         2023    .text.follow_path   ff.o
    0x0800d8ea   0x0800d8ea   0x00000002   PAD
    0x0800d8ec   0x0800d8ec   0x000002fa   Code   RO         2027    .text.get_fat       ff.o
    0x0800dbe6   0x0800dbe6   0x00000002   PAD
    0x0800dbe8   0x0800dbe8   0x00000004   Code   RO         1985    .text.get_fattime   fatfs.o
    0x0800dbec   0x0800dbec   0x00000488   Code   RO           11    .text.main          main.o
    0x0800e074   0x0800e074   0x00000368   Code   RO         2073    .text.put_fat       ff.o
    0x0800e3dc   0x0800e3dc   0x000000cc   Code   RO         2037    .text.sync_fs       ff.o
    0x0800e4a8   0x0800e4a8   0x0000003e   Code   RO         2741    CL$$btod_d2e        c_w.l(btod.o)
    0x0800e4e6   0x0800e4e6   0x00000046   Code   RO         2743    CL$$btod_d2e_denorm_low  c_w.l(btod.o)
    0x0800e52c   0x0800e52c   0x00000060   Code   RO         2742    CL$$btod_d2e_norm_op1  c_w.l(btod.o)
    0x0800e58c   0x0800e58c   0x00000338   Code   RO         2751    CL$$btod_div_common  c_w.l(btod.o)
    0x0800e8c4   0x0800e8c4   0x00000084   Code   RO         2749    CL$$btod_e2d        c_w.l(btod.o)
    0x0800e948   0x0800e948   0x000000dc   Code   RO         2748    CL$$btod_e2e        c_w.l(btod.o)
    0x0800ea24   0x0800ea24   0x0000002a   Code   RO         2745    CL$$btod_ediv       c_w.l(btod.o)
    0x0800ea4e   0x0800ea4e   0x0000002a   Code   RO         2747    CL$$btod_edivd      c_w.l(btod.o)
    0x0800ea78   0x0800ea78   0x0000002a   Code   RO         2744    CL$$btod_emul       c_w.l(btod.o)
    0x0800eaa2   0x0800eaa2   0x0000002a   Code   RO         2746    CL$$btod_emuld      c_w.l(btod.o)
    0x0800eacc   0x0800eacc   0x00000244   Code   RO         2750    CL$$btod_mult_common  c_w.l(btod.o)
    0x0800ed10   0x0800ed10   0x00000030   Code   RO         2808    i.__ARM_fpclassify  m_wm.l(fpclassify.o)
    0x0800ed40   0x0800ed40   0x000000f8   Code   RO         2810    i.__hardfp___mathlib_tofloat  m_wm.l(narrow.o)
    0x0800ee38   0x0800ee38   0x00000104   Code   RO         2535    i.__hardfp_fmod     m_wm.l(fmod.o)
    0x0800ef3c   0x0800ef3c   0x00000004   PAD
    0x0800ef40   0x0800ef40   0x000000d0   Code   RO         2952    i.__hardfp_ldexp    m_wm.l(ldexp.o)
    0x0800f010   0x0800f010   0x00000020   Code   RO         2673    i.__mathlib_dbl_invalid  m_wm.l(dunder.o)
    0x0800f030   0x0800f030   0x00000020   Code   RO         2674    i.__mathlib_dbl_overflow  m_wm.l(dunder.o)
    0x0800f050   0x0800f050   0x00000020   Code   RO         2676    i.__mathlib_dbl_underflow  m_wm.l(dunder.o)
    0x0800f070   0x0800f070   0x00000012   Code   RO         2811    i.__mathlib_narrow  m_wm.l(narrow.o)
    0x0800f082   0x0800f082   0x00000014   Code   RO         2954    i.__support_ldexp   m_wm.l(ldexp.o)
    0x0800f096   0x0800f096   0x0000000e   Code   RO         2471    i._is_digit         c_w.l(__printf_wp.o)
    0x0800f0a4   0x0800f0a4   0x00000004   PAD
    0x0800f0a8   0x0800f0a8   0x0000008c   Code   RO         2903    i.frexp             m_wm.l(frexp.o)
    0x0800f134   0x0800f134   0x0000002c   Code   RO         2783    locale$$code        c_w.l(lc_numeric_c.o)
    0x0800f160   0x0800f160   0x0000002c   Code   RO         2934    locale$$code        c_w.l(lc_ctype_c.o)
    0x0800f18c   0x0800f18c   0x00000062   Code   RO         2895    x$fpl$d2f           fz_wm.l(d2f.o)
    0x0800f1ee   0x0800f1ee   0x00000002   PAD
    0x0800f1f0   0x0800f1f0   0x00000150   Code   RO         2507    x$fpl$dadd          fz_wm.l(daddsub_clz.o)
    0x0800f340   0x0800f340   0x00000010   Code   RO         3000    x$fpl$dcheck1       fz_wm.l(dcheck1.o)
    0x0800f350   0x0800f350   0x00000018   Code   RO         2946    x$fpl$dcmpinf       fz_wm.l(dcmpi.o)
    0x0800f368   0x0800f368   0x000002b4   Code   RO         2514    x$fpl$ddiv          fz_wm.l(ddiv.o)
    0x0800f61c   0x0800f61c   0x00000078   Code   RO         2897    x$fpl$deqf          fz_wm.l(deqf.o)
    0x0800f694   0x0800f694   0x0000002e   Code   RO         2522    x$fpl$dflt          fz_wm.l(dflt_clz.o)
    0x0800f6c2   0x0800f6c2   0x00000002   PAD
    0x0800f6c4   0x0800f6c4   0x00000078   Code   RO         2948    x$fpl$dleqf         fz_wm.l(dleqf.o)
    0x0800f73c   0x0800f73c   0x00000154   Code   RO         2527    x$fpl$dmul          fz_wm.l(dmul.o)
    0x0800f890   0x0800f890   0x0000009c   Code   RO         2661    x$fpl$dnaninf       fz_wm.l(dnaninf.o)
    0x0800f92c   0x0800f92c   0x00000150   Code   RO         2663    x$fpl$drem          fz_wm.l(drem_clz.o)
    0x0800fa7c   0x0800fa7c   0x0000000c   Code   RO         2665    x$fpl$dretinf       fz_wm.l(dretinf.o)
    0x0800fa88   0x0800fa88   0x0000006c   Code   RO         2899    x$fpl$drleqf        fz_wm.l(drleqf.o)
    0x0800faf4   0x0800faf4   0x00000016   Code   RO         2508    x$fpl$drsb          fz_wm.l(daddsub_clz.o)
    0x0800fb0a   0x0800fb0a   0x00000002   PAD
    0x0800fb0c   0x0800fb0c   0x000001dc   Code   RO         2509    x$fpl$dsub          fz_wm.l(daddsub_clz.o)
    0x0800fce8   0x0800fce8   0x00000056   Code   RO         2529    x$fpl$f2d           fz_wm.l(f2d.o)
    0x0800fd3e   0x0800fd3e   0x0000008c   Code   RO         2667    x$fpl$fnaninf       fz_wm.l(fnaninf.o)
    0x0800fdca   0x0800fdca   0x0000001a   Code   RO         2798    x$fpl$fpinit        fz_wm.l(fpinit.o)
    0x0800fde4   0x0800fde4   0x0000000a   Code   RO         2950    x$fpl$fretinf       fz_wm.l(fretinf.o)
    0x0800fdee   0x0800fdee   0x00000006   Code   RO         2800    x$fpl$ieeestatus    fz_wm.l(istatus.o)
    0x0800fdf4   0x0800fdf4   0x00000004   Code   RO         2531    x$fpl$printf1       fz_wm.l(printf1.o)
    0x0800fdf8   0x0800fdf8   0x00000064   Code   RO         3002    x$fpl$retnan        fz_wm.l(retnan.o)
    0x0800fe5c   0x0800fe5c   0x0000005c   Code   RO         2983    x$fpl$scalbn        fz_wm.l(scalbn.o)
    0x0800feb8   0x0800feb8   0x00000004   Code   RO         2533    x$fpl$scanf1        fz_wm.l(scanf1.o)
    0x0800febc   0x0800febc   0x00000008   Code   RO         2802    x$fpl$scanf2        fz_wm.l(scanf2.o)
    0x0800fec4   0x0800fec4   0x00000030   Code   RO         3004    x$fpl$trapveneer    fz_wm.l(trapv.o)
    0x0800fef4   0x0800fef4   0x00000000   Code   RO         2669    x$fpl$usenofp       fz_wm.l(usenofp.o)
    0x0800fef4   0x0800fef4   0x00000011   Data   RO         2479    .constdata          c_w.l(__printf_flags_ss_wp.o)
    0x0800ff05   0x0800ff05   0x00000003   PAD
    0x0800ff08   0x0800ff08   0x00000094   Data   RO         2739    .constdata          c_w.l(bigflt0.o)
    0x0800ff9c   0x0800ff9c   0x00000010   Data   RO         1600    .rodata.AHBPrescTable  system_stm32f4xx.o
    0x0800ffac   0x0800ffac   0x00000008   Data   RO         1601    .rodata.APBPrescTable  system_stm32f4xx.o
    0x0800ffb4   0x0800ffb4   0x00000080   Data   RO         2075    .rodata.ExCvt       ff.o
    0x08010034   0x08010034   0x0000076c   Data   RO         2106    .rodata.Font7x10    fonts.o
    0x080107a0   0x080107a0   0x00000014   Data   RO         1973    .rodata.SD_Driver   sd_diskio.o
    0x080107b4   0x080107b4   0x00000024   Data   RO         1660    .rodata.STORAGE_Inquirydata_FS  usbd_storage_if.o
    0x080107d8   0x080107d8   0x00000008   Data   RO          536    .rodata.cst8        stm32f4xx_hal_dma.o
    0x080107e0   0x080107e0   0x0000003b   Data   RO         2175    .rodata.init_cmds1  st7735.o
    0x0801081b   0x0801081b   0x0000000d   Data   RO         2176    .rodata.init_cmds2  st7735.o
    0x08010828   0x08010828   0x0000002b   Data   RO         2177    .rodata.init_cmds3  st7735.o
    0x08010853   0x08010853   0x0000000f   Data   RO         2076    .rodata.str1.1      ff.o
    0x08010862   0x08010862   0x00000049   Data   RO         2208    .rodata.str1.1      gps.o
    0x080108ab   0x080108ab   0x0000000b   Data   RO         2311    .rodata.str1.1      new_display.o
    0x080108b6   0x080108b6   0x00000009   Data   RO         2367    .rodata.str1.1      magnetic.o
    0x080108bf   0x080108bf   0x00000001   PAD
    0x080108c0   0x080108c0   0x00000020   Data   RO         3007    Region$$Table       anon$$obj.o
    0x080108e0   0x080108e0   0x00000008   Data   RO         2794    c$$dinf             fz_wm.l(fpconst.o)
    0x080108e8   0x080108e8   0x00000008   Data   RO         2797    c$$dmax             fz_wm.l(fpconst.o)
    0x080108f0   0x080108f0   0x0000001c   Data   RO         2782    locale$$data        c_w.l(lc_numeric_c.o)
    0x0801090c   0x0801090c   0x00000110   Data   RO         2933    locale$$data        c_w.l(lc_ctype_c.o)


    Execution Region RW_IRAM1 (Exec base: 0x20000000, Load base: 0x08010a20, Size: 0x000055b0, Max: 0x00020000, ABSOLUTE, COMPRESSED[0x00000100])

    Exec Addr    Load Addr    Size         Type   Attr      Idx    E Section Name        Object

    0x20000000   COMPRESSED   0x00000008   Data   RW          716    .data..L_MergedGlobals  stm32f4xx_hal.o
    0x20000008   COMPRESSED   0x00000002   Data   RW         1865    .data..L_MergedGlobals  usbd_msc.o
    0x2000000a   COMPRESSED   0x00000002   PAD
    0x2000000c   COMPRESSED   0x00000014   Data   RW         2314    .data..L_MergedGlobals  new_display.o
    0x20000020   COMPRESSED   0x0000001c   Data   RW         1633    .data.FS_Desc       usbd_desc.o
    0x2000003c   COMPRESSED   0x0000000c   Data   RW         2368    .data.FileCatalog   magnetic.o
    0x20000048   COMPRESSED   0x00000008   Data   RW         2107    .data.Font_7x10     fonts.o
    0x20000050   COMPRESSED   0x0000001b   Data   RW         1899    .data.MSC_Mode_Sense10_data  usbd_msc_data.o
    0x2000006b   COMPRESSED   0x00000017   Data   RW         1898    .data.MSC_Mode_Sense6_data  usbd_msc_data.o
    0x20000082   COMPRESSED   0x00000006   Data   RW         1896    .data.MSC_Page00_Inquiry_Data  usbd_msc_data.o
    0x20000088   COMPRESSED   0x00000008   Data   RW         1897    .data.MSC_Page80_Inquiry_Data  usbd_msc_data.o
    0x20000090   COMPRESSED   0x00000001   Data   RW         1974    .data.Stat          sd_diskio.o
    0x20000091   COMPRESSED   0x00000003   PAD
    0x20000094   COMPRESSED   0x00000004   Data   RW         1599    .data.SystemCoreClock  system_stm32f4xx.o
    0x20000098   COMPRESSED   0x00000012   Data   RW         1634    .data.USBD_FS_DeviceDesc  usbd_desc.o
    0x200000aa   COMPRESSED   0x00000002   PAD
    0x200000ac   COMPRESSED   0x00000004   Data   RW         1635    .data.USBD_LangIDDesc  usbd_desc.o
    0x200000b0   COMPRESSED   0x00000038   Data   RW         1862    .data.USBD_MSC      usbd_msc.o
    0x200000e8   COMPRESSED   0x00000020   Data   RW         1863    .data.USBD_MSC_CfgDesc  usbd_msc.o
    0x20000108   COMPRESSED   0x0000000a   Data   RW         1864    .data.USBD_MSC_DeviceQualifierDesc  usbd_msc.o
    0x20000112   COMPRESSED   0x00000002   PAD
    0x20000114   COMPRESSED   0x00000020   Data   RW         1661    .data.USBD_Storage_Interface_fops_FS  usbd_storage_if.o
    0x20000134   COMPRESSED   0x0000001a   Data   RW         1636    .data.USBD_StringSerial  usbd_desc.o
    0x2000014e   COMPRESSED   0x00000001   Data   RW         2207    .data.UTC_Hour_Fix  gps.o
    0x2000014f   COMPRESSED   0x00000001   Data   RW         2286    .data.flag_adc      new_display.o
    0x20000150   COMPRESSED   0x00000001   Data   RW         2285    .data.flag_start    new_display.o
    0x20000151   COMPRESSED   0x00000003   PAD
    0x20000154   COMPRESSED   0x00000008   Data   RW         2307    .data.take_MeasurementDataPackage  new_display.o
    0x2000015c   COMPRESSED   0x00000008   Data   RW         2306    .data.take_MeasurementGPSProcess  new_display.o
    0x20000164   COMPRESSED   0x00000008   Data   RW         2305    .data.take_MeasurementStart  new_display.o
    0x2000016c   COMPRESSED   0x00000008   Data   RW         2308    .data.take_MeasurementStop  new_display.o
    0x20000174   COMPRESSED   0x00000004   PAD
    0x20000178        -       0x00000060   Zero   RW         2689    .bss                c_w.l(libspace.o)
    0x200001d8        -       0x00000050   Zero   RW           50    .bss..L_MergedGlobals  main.o
    0x20000228        -       0x00000005   Zero   RW         1989    .bss..L_MergedGlobals  fatfs.o
    0x2000022d   COMPRESSED   0x00000003   PAD
    0x20000230        -       0x00000028   Zero   RW         2077    .bss..L_MergedGlobals  ff.o
    0x20000258        -       0x00000004   Zero   RW         2178    .bss..L_MergedGlobals  st7735.o
    0x2000025c        -       0x00000014   Zero   RW         2315    .bss..L_MergedGlobals.54  new_display.o
    0x20000270        -       0x00000250   Zero   RW         2214    .bss.GPS            gps.o
    0x200004c0        -       0x00000004   Zero   RW           48    .bss.LastTime       main.o
    0x200004c4        -       0x00000001   Zero   RW         1811    .bss.USBD_SetConfig.cfgidx  usbd_ctlreq.o
    0x200004c5   COMPRESSED   0x00000003   PAD
    0x200004c8        -       0x00000200   Zero   RW         1637    .bss.USBD_StrDesc   usbd_desc.o
    0x200006c8        -       0x00000278   Zero   RW         1734    .bss.USBD_static_malloc.mem  usbd_conf.o
    0x20000940        -       0x00000006   Zero   RW           25    .bss.adc            main.o
    0x20000946        -       0x00000080   Zero   RW         2369    .bss.buffer         magnetic.o
    0x200009c6   COMPRESSED   0x00000002   PAD
    0x200009c8        -       0x00000004   Zero   RW           43    .bss.bw             main.o
    0x200009cc        -       0x00000020   Zero   RW         1662    .bss.cardInfo       usbd_storage_if.o
    0x200009ec        -       0x0000000c   Zero   RW         2096    .bss.disk           ff_gen_drv.o
    0x200009f8        -       0x00001030   Zero   RW           39    .bss.fil            main.o
    0x20001a28        -       0x00000001   Zero   RW           41    .bss.fresult        main.o
    0x20001a29   COMPRESSED   0x00000003   PAD
    0x20001a2c        -       0x00001034   Zero   RW           38    .bss.fs             main.o
    0x20002a60        -       0x000002dc   Zero   RW         1612    .bss.hUsbDeviceFS   usb_device.o
    0x20002d3c        -       0x00000048   Zero   RW           29    .bss.hadc1          main.o
    0x20002d84        -       0x00000060   Zero   RW           30    .bss.hdma_adc1      main.o
    0x20002de4        -       0x00000060   Zero   RW           33    .bss.hdma_spi1_tx   main.o
    0x20002e44        -       0x00000060   Zero   RW           37    .bss.hdma_usart2_rx  main.o
    0x20002ea4        -       0x0000050c   Zero   RW         1733    .bss.hpcd_USB_OTG_FS  usbd_conf.o
    0x200033b0        -       0x00000084   Zero   RW           31    .bss.hsd            main.o
    0x20003434        -       0x00000058   Zero   RW           32    .bss.hspi1          main.o
    0x2000348c        -       0x00000048   Zero   RW           35    .bss.htim10         main.o
    0x200034d4        -       0x00000048   Zero   RW           28    .bss.htim11         main.o
    0x2000351c        -       0x00000048   Zero   RW           34    .bss.htim3          main.o
    0x20003564        -       0x00000044   Zero   RW           36    .bss.huart1         main.o
    0x200035a8        -       0x00000004   Zero   RW          715    .bss.uwTick         stm32f4xx_hal.o
    0x200035ac   COMPRESSED   0x00000004   PAD
    0x200035b0        -       0x00001000   Zero   RW            2    HEAP                startup_stm32f411xe.o
    0x200045b0        -       0x00001000   Zero   RW            1    STACK               startup_stm32f411xe.o


==============================================================================

Image component sizes


      Code (inc. data)   RO Data    RW Data    ZI Data      Debug   Object Name

       158          0          0          0          0       6829   bsp_driver_sd.o
       144          0          0          0          0       1870   diskio.o
        32          0          0          0          5       1920   fatfs.o
      9910          0        143          0         40      81102   ff.o
        76          0          0          0         12       3298   ff_gen_drv.o
         0          0       1900          8          0        844   fonts.o
       624         28         73          1        592       6559   gps.o
       376         44          9         12        128       8716   magnetic.o
      1532          0          0          0       9251      18333   main.o
       960         32         11         54         20      18703   new_display.o
       262          6         20          1          0       3259   sd_diskio.o
      2304          0        115          0          4      29086   st7735.o
        64         26        408          0       8192        836   startup_stm32f411xe.o
       204          0          0          8          4       6862   stm32f4xx_hal.o
      1610          0          0          0          0      11380   stm32f4xx_hal_adc.o
         2          0          0          0          0       9478   stm32f4xx_hal_adc_ex.o
       234          0          0          0          0      10074   stm32f4xx_hal_cortex.o
        42          0          0          0          0       3419   stm32f4xx_hal_crc.o
      1142          6          8          0          0      10378   stm32f4xx_hal_dma.o
       474          0          0          0          0       5750   stm32f4xx_hal_gpio.o
      1142          0          0          0          0      14594   stm32f4xx_hal_msp.o
      3442          0          0          0          0      16813   stm32f4xx_hal_pcd.o
       158          0          0          0          0       4470   stm32f4xx_hal_pcd_ex.o
      1436          0          0          0          0       7471   stm32f4xx_hal_rcc.o
      2250          0          0          0          0      27461   stm32f4xx_hal_sd.o
      1546          0          0          0          0      25813   stm32f4xx_hal_spi.o
      1472          0          0          0          0      55862   stm32f4xx_hal_tim.o
       148          0          0          0          0      21151   stm32f4xx_hal_tim_ex.o
      3114          0          0          0          0      32510   stm32f4xx_hal_uart.o
       158          0          0          0          0       9587   stm32f4xx_it.o
      1654          0          0          0          0      21540   stm32f4xx_ll_sdmmc.o
      4228          0          0          0          0      31964   stm32f4xx_ll_usb.o
        18          0         24          4          0       2689   system_stm32f4xx.o
       114          0          0          0        732       3124   usb_device.o
       812          0          0          0       1924      18306   usbd_conf.o
       912          0          0          0          0      10434   usbd_core.o
      1702         34          0          0          1      10244   usbd_ctlreq.o
       556         68          0         76        512       4043   usbd_desc.o
       102          0          0          0          0       4677   usbd_ioreq.o
       748         14          0        100          0       7984   usbd_msc.o
      1230          0          0          0          0       9106   usbd_msc_bot.o
         0          0          0         64          0        733   usbd_msc_data.o
      2844        182          0          0          0      16387   usbd_msc_scsi.o
       188          0         36         32         32       4074   usbd_storage_if.o

    ----------------------------------------------------------------------
     50440        440       2780        372      21468     599733   Object Totals
         0          0         32          0          0          0   (incl. Generated)
       316          0          1         12         19          0   (incl. Padding)

    ----------------------------------------------------------------------

      Code (inc. data)   RO Data    RW Data    ZI Data      Debug   Library Member Name

        60          8          0          0          0         84   __0sscanf.o
        58          0          0          0          0          0   __dczerorl.o
         8          0          0          0          0         68   __main.o
       392          4         17          0          0         92   __printf_flags_ss_wp.o
        14          0          0          0          0         68   __printf_wp.o
         0          0          0          0          0          0   __rtentry.o
        12          0          0          0          0          0   __rtentry2.o
         6          0          0          0          0          0   __rtentry4.o
        52          8          0          0          0          0   __scatter.o
        28          0          0          0          0          0   __scatter_zi.o
        28          0          0          0          0         68   _chval.o
         6          0          0          0          0          0   _printf_c.o
        44          0          0          0          0        108   _printf_char.o
        48          6          0          0          0         96   _printf_char_common.o
         6          0          0          0          0          0   _printf_d.o
       120         16          0          0          0         92   _printf_dec.o
         6          0          0          0          0          0   _printf_f.o
      1052          0          0          0          0        148   _printf_fp_dec.o
       128         16          0          0          0         84   _printf_fp_infnan.o
       178          0          0          0          0         88   _printf_intcommon.o
        78          0          0          0          0        108   _printf_pad.o
         0          0          0          0          0          0   _printf_percent.o
         4          0          0          0          0          0   _printf_percent_end.o
         6          0          0          0          0          0   _printf_s.o
        82          0          0          0          0         80   _printf_str.o
        36          0          0          0          0         84   _printf_truncate.o
        22          0          0          0          0        100   _rserrno.o
       884          6          0          0          0        100   _scanf.o
       332          0          0          0          0         96   _scanf_int.o
       224          0          0          0          0         96   _scanf_str.o
        64          0          0          0          0         84   _sgetc.o
        10          0          0          0          0         68   _sputc.o
       228          4        148          0          0         96   bigflt0.o
      2152        136          0          0          0        956   btod.o
        18          0          0          0          0         80   exit.o
         6          0          0          0          0        152   heapauxi.o
         0          0          0          0          0          0   indicate_semi.o
        18          0          0          0          0         76   isspace.o
        44         10        272          0          0         76   lc_ctype_c.o
        44         10         28          0          0         76   lc_numeric_c.o
         2          0          0          0          0          0   libinit.o
        34          0          0          0          0          0   libinit2.o
         2          0          0          0          0          0   libshutdown.o
         2          0          0          0          0          0   libshutdown2.o
         8          4          0          0         96         68   libspace.o
        38          0          0          0          0         68   llshl.o
       138          0          0          0          0         80   lludiv10.o
       240          0          0          0          0        100   lludivv7m.o
        40          6          0          0          0         84   noretval__2sprintf.o
        16          4          0          0          0         76   rt_ctype_table.o
         8          4          0          0          0         68   rt_errno_addr_intlibspace.o
         8          4          0          0          0         68   rt_locale_intlibspace.o
        68          0          0          0          0         68   rt_memclr.o
        78          0          0          0          0         80   rt_memclr_w.o
         2          0          0          0          0          0   rtexit.o
        10          0          0          0          0          0   rtexit2.o
        44          8          0          0          0         84   scanf_char.o
      1272         16          0          0          0        168   scanf_fp.o
       800         14          0          0          0        100   scanf_hexfp.o
       308         16          0          0          0        100   scanf_infnan.o
       124          0          0          0          0         88   strcmpv7em.o
        62          0          0          0          0         76   strlen.o
        36          0          0          0          0         80   strstr.o
        12          4          0          0          0         68   sys_exit.o
        74          0          0          0          0         80   sys_stackheap_outer.o
         2          0          0          0          0         68   use_no_semi.o
        98          4          0          0          0        140   d2f.o
       834         16          0          0          0        516   daddsub_clz.o
        16          4          0          0          0        116   dcheck1.o
        24          0          0          0          0        116   dcmpi.o
       692        140          0          0          0        264   ddiv.o
       120          4          0          0          0        140   deqf.o
        46          0          0          0          0        116   dflt_clz.o
       120          4          0          0          0        140   dleqf.o
       340         12          0          0          0        152   dmul.o
       156          4          0          0          0        140   dnaninf.o
       336         12          0          0          0        136   drem_clz.o
        12          0          0          0          0        116   dretinf.o
       108          0          0          0          0        128   drleqf.o
        86          4          0          0          0        132   f2d.o
       140          4          0          0          0        132   fnaninf.o
         0          0         16          0          0          0   fpconst.o
        26          0          0          0          0        116   fpinit.o
        10          0          0          0          0        116   fretinf.o
         6          0          0          0          0        116   istatus.o
         4          0          0          0          0        116   printf1.o
       100          0          0          0          0        116   retnan.o
        92          0          0          0          0        116   scalbn.o
         4          0          0          0          0        116   scanf1.o
         8          0          0          0          0        132   scanf2.o
        48          0          0          0          0        116   trapv.o
         0          0          0          0          0          0   usenofp.o
        96         24          0          0          0        372   dunder.o
       260          6          0          0          0        144   fmod.o
        48          0          0          0          0        124   fpclassify.o
       140         22          0          0          0        132   frexp.o
       228          8          0          0          0        308   ldexp.o
       266         16          0          0          0        308   narrow.o

    ----------------------------------------------------------------------
     14420        592        484          0         96       9928   Library Totals
        30          4          3          0          0          0   (incl. Padding)

    ----------------------------------------------------------------------

      Code (inc. data)   RO Data    RW Data    ZI Data      Debug   Library Name

      9926        304        465          0         96       4996   c_w.l
      3426        208         16          0          0       3544   fz_wm.l
      1038         76          0          0          0       1388   m_wm.l

    ----------------------------------------------------------------------
     14420        592        484          0         96       9928   Library Totals

    ----------------------------------------------------------------------

==============================================================================


      Code (inc. data)   RO Data    RW Data    ZI Data      Debug   

     64860       1032       3264        372      21564     602705   Grand Totals
     64860       1032       3264        256      21564     602705   ELF Image Totals (compressed)
     64860       1032       3264        256          0          0   ROM Totals

==============================================================================

    Total RO  Size (Code + RO Data)                68124 (  66.53kB)
    Total RW  Size (RW Data + ZI Data)             21936 (  21.42kB)
    Total ROM Size (Code + RO Data + RW Data)      68380 (  66.78kB)

==============================================================================

