../Drivers/CMSIS/Include/core_cm4.h:1777:22:__NVIC_ClearPendingIRQ	16	static
../Core/Src/main.c:104:5:main	144	static
../Core/Src/main.c:167:6:SystemClock_Config	88	static
../Core/Src/main.c:215:13:MX_ADC1_Init	24	static
../Core/Src/main.c:285:13:MX_SDIO_SD_Init	4	static
../Core/Src/main.c:313:13:MX_SPI1_Init	8	static
../Core/Src/main.c:351:13:MX_SPI2_Init	8	static
../Core/Src/main.c:389:13:MX_TIM3_Init	32	static
../Core/Src/main.c:434:13:MX_TIM10_Init	8	static
../Core/Src/main.c:465:13:MX_TIM11_Init	8	static
../Core/Src/main.c:496:13:MX_USART1_UART_Init	8	static
../Core/Src/main.c:529:13:MX_USART2_UART_Init	8	static
../Core/Src/main.c:560:13:MX_DMA_Init	16	static
../Core/Src/main.c:585:13:MX_GPIO_Init	56	static
../Core/Src/main.c:662:6:HAL_ADC_ConvCpltCallback	16	static
../Core/Src/main.c:670:6:HAL_TIM_PeriodElapsedCallback	16	static
../Core/Src/main.c:698:6:HAL_UART_RxCpltCallback	16	static
../Core/Src/main.c:706:6:HAL_GPIO_EXTI_Callback	16	static
../Core/Src/main.c:719:6:Error_Handler	4	static,ignoring_inline_asm
