../Core/Src/stm32f4xx_it.c:77:6:NMI_Handler	4	static
../Core/Src/stm32f4xx_it.c:92:6:HardFault_Handler	4	static
../Core/Src/stm32f4xx_it.c:108:6:MemManage_Handler	4	static
../Core/Src/stm32f4xx_it.c:123:6:BusFault_Handler	4	static
../Core/Src/stm32f4xx_it.c:138:6:UsageFault_Handler	4	static
../Core/Src/stm32f4xx_it.c:153:6:SVC_Handler	4	static
../Core/Src/stm32f4xx_it.c:166:6:DebugMon_Handler	4	static
../Core/Src/stm32f4xx_it.c:179:6:PendSV_Handler	4	static
../Core/Src/stm32f4xx_it.c:192:6:SysTick_Handler	8	static
../Core/Src/stm32f4xx_it.c:213:6:EXTI2_IRQHandler	8	static
../Core/Src/stm32f4xx_it.c:227:6:EXTI3_IRQHandler	8	static
../Core/Src/stm32f4xx_it.c:241:6:DMA1_Stream5_IRQHandler	8	static
../Core/Src/stm32f4xx_it.c:255:6:ADC_IRQHandler	8	static
../Core/Src/stm32f4xx_it.c:269:6:EXTI9_5_IRQHandler	8	static
../Core/Src/stm32f4xx_it.c:284:6:TIM1_UP_TIM10_IRQHandler	8	static
../Core/Src/stm32f4xx_it.c:298:6:TIM1_TRG_COM_TIM11_IRQHandler	8	static
../Core/Src/stm32f4xx_it.c:312:6:USART1_IRQHandler	8	static
../Core/Src/stm32f4xx_it.c:326:6:USART2_IRQHandler	8	static
../Core/Src/stm32f4xx_it.c:340:6:DMA2_Stream0_IRQHandler	8	static
../Core/Src/stm32f4xx_it.c:354:6:DMA2_Stream2_IRQHandler	8	static
../Core/Src/stm32f4xx_it.c:368:6:OTG_FS_IRQHandler	8	static
